20260612-000608	INFO	[Modify Exp] SdachSM add 20000000 exp in 258 second in script:/script/item/item_billing/jiutianwujidan.lua   function:use_jiutianwuji_dan
20260612-003053	INFO	[Modify Exp] SdachSM add 2000000000 exp in 1743 second in script:/script/ksgvn/item/item_test_card.lua   function:kgm_ShowMenuSupport
20260612-003053	INFO	[Modify Exp] SdachSM add 2000000000 exp in 0 second in script:/script/ksgvn/item/item_test_card.lua   function:kgm_ShowMenuSupport
20260612-003053	INFO	[Modify Exp] SdachSM add 2000000000 exp in 0 second in script:/script/ksgvn/item/item_test_card.lua   function:kgm_ShowMenuSupport
20260612-003053	INFO	[Modify Exp] SdachSM add 2000000000 exp in 0 second in script:/script/ksgvn/item/item_test_card.lua   function:kgm_ShowMenuSupport
20260612-003053	INFO	[Modify Exp] SdachSM add 2000000000 exp in 0 second in script:/script/ksgvn/item/item_test_card.lua   function:kgm_ShowMenuSupport
20260612-003053	INFO	[Modify Exp] SdachSM add 2000000000 exp in 0 second in script:/script/ksgvn/item/item_test_card.lua   function:kgm_ShowMenuSupport
20260612-003053	INFO	[Modify Exp] SdachSM add 2000000000 exp in 0 second in script:/script/ksgvn/item/item_test_card.lua   function:kgm_ShowMenuSupport
20260612-003053	INFO	[Modify Exp] SdachSM add 2000000000 exp in 0 second in script:/script/ksgvn/item/item_test_card.lua   function:kgm_ShowMenuSupport
20260612-003053	INFO	[Modify Exp] SdachSM add 2000000000 exp in 0 second in script:/script/ksgvn/item/item_test_card.lua   function:kgm_ShowMenuSupport
20260612-003053	INFO	[Modify Exp] SdachSM add 2000000000 exp in 0 second in script:/script/ksgvn/item/item_test_card.lua   function:kgm_ShowMenuSupport
20260612-003053	INFO	[Modify Exp] SdachSM add 2000000000 exp in 0 second in script:/script/ksgvn/item/item_test_card.lua   function:kgm_ShowMenuSupport
20260612-003053	INFO	[Modify Exp] SdachSM add 2000000000 exp in 0 second in script:/script/ksgvn/item/item_test_card.lua   function:kgm_ShowMenuSupport
20260612-003053	INFO	[Modify Exp] SdachSM add 2000000000 exp in 0 second in script:/script/ksgvn/item/item_test_card.lua   function:kgm_ShowMenuSupport
20260612-003053	INFO	[Modify Exp] SdachSM add 2000000000 exp in 0 second in script:/script/ksgvn/item/item_test_card.lua   function:kgm_ShowMenuSupport
20260612-003053	INFO	[Modify Exp] SdachSM add 2000000000 exp in 0 second in script:/script/ksgvn/item/item_test_card.lua   function:kgm_ShowMenuSupport
20260612-003053	INFO	[Modify Exp] SdachSM add 2000000000 exp in 0 second in script:/script/ksgvn/item/item_test_card.lua   function:kgm_ShowMenuSupport
20260612-003053	INFO	[Modify Exp] SdachSM add 2000000000 exp in 0 second in script:/script/ksgvn/item/item_test_card.lua   function:kgm_ShowMenuSupport
20260612-003053	INFO	[Modify Exp] SdachSM add 2000000000 exp in 0 second in script:/script/ksgvn/item/item_test_card.lua   function:kgm_ShowMenuSupport
20260612-003053	INFO	[Modify Exp] SdachSM add 2000000000 exp in 0 second in script:/script/ksgvn/item/item_test_card.lua   function:kgm_ShowMenuSupport
20260612-003053	INFO	[Modify Exp] SdachSM add 2000000000 exp in 0 second in script:/script/ksgvn/item/item_test_card.lua   function:kgm_ShowMenuSupport
20260612-003053	INFO	[Modify Exp] SdachSM add 2000000000 exp in 0 second in script:/script/ksgvn/item/item_test_card.lua   function:kgm_ShowMenuSupport
20260612-003053	INFO	[Modify Exp] SdachSM add 2000000000 exp in 0 second in script:/script/ksgvn/item/item_test_card.lua   function:kgm_ShowMenuSupport
20260612-003053	INFO	[Modify Exp] SdachSM add 2000000000 exp in 0 second in script:/script/ksgvn/item/item_test_card.lua   function:kgm_ShowMenuSupport
20260612-003053	INFO	[Modify Exp] SdachSM add 2000000000 exp in 0 second in script:/script/ksgvn/item/item_test_card.lua   function:kgm_ShowMenuSupport
20260612-003053	INFO	[Modify Exp] SdachSM add 2000000000 exp in 0 second in script:/script/ksgvn/item/item_test_card.lua   function:kgm_ShowMenuSupport
20260612-003053	INFO	[Modify Exp] SdachSM add 2000000000 exp in 0 second in script:/script/ksgvn/item/item_test_card.lua   function:kgm_ShowMenuSupport
20260612-003053	INFO	[Modify Exp] SdachSM add 2000000000 exp in 0 second in script:/script/ksgvn/item/item_test_card.lua   function:kgm_ShowMenuSupport
20260612-003053	INFO	[Modify Exp] SdachSM add 2000000000 exp in 0 second in script:/script/ksgvn/item/item_test_card.lua   function:kgm_ShowMenuSupport
20260612-003053	INFO	[Modify Exp] SdachSM add 2000000000 exp in 0 second in script:/script/ksgvn/item/item_test_card.lua   function:kgm_ShowMenuSupport
20260612-003053	INFO	[Modify Exp] SdachSM add 2000000000 exp in 0 second in script:/script/ksgvn/item/item_test_card.lua   function:kgm_ShowMenuSupport
20260612-003053	INFO	[Modify Exp] SdachSM add 2000000000 exp in 0 second in script:/script/ksgvn/item/item_test_card.lua   function:kgm_ShowMenuSupport
20260612-003053	INFO	[Modify Exp] SdachSM add 2000000000 exp in 0 second in script:/script/ksgvn/item/item_test_card.lua   function:kgm_ShowMenuSupport
20260612-003053	INFO	[Modify Exp] SdachSM add 2000000000 exp in 0 second in script:/script/ksgvn/item/item_test_card.lua   function:kgm_ShowMenuSupport
20260612-003053	INFO	[Modify Exp] SdachSM add 2000000000 exp in 0 second in script:/script/ksgvn/item/item_test_card.lua   function:kgm_ShowMenuSupport
20260612-003053	INFO	[Modify Exp] SdachSM add 2000000000 exp in 0 second in script:/script/ksgvn/item/item_test_card.lua   function:kgm_ShowMenuSupport
20260612-003053	INFO	[Modify Exp] SdachSM add 2000000000 exp in 0 second in script:/script/ksgvn/item/item_test_card.lua   function:kgm_ShowMenuSupport
20260612-003053	INFO	[Modify Exp] SdachSM add 2000000000 exp in 0 second in script:/script/ksgvn/item/item_test_card.lua   function:kgm_ShowMenuSupport
20260612-003053	INFO	[Modify Exp] SdachSM add 2000000000 exp in 0 second in script:/script/ksgvn/item/item_test_card.lua   function:kgm_ShowMenuSupport
20260612-003053	INFO	[Modify Exp] SdachSM add 2000000000 exp in 0 second in script:/script/ksgvn/item/item_test_card.lua   function:kgm_ShowMenuSupport
20260612-003053	INFO	[Modify Exp] SdachSM add 2000000000 exp in 0 second in script:/script/ksgvn/item/item_test_card.lua   function:kgm_ShowMenuSupport
20260612-003053	INFO	[Modify Exp] SdachSM add 2000000000 exp in 0 second in script:/script/ksgvn/item/item_test_card.lua   function:kgm_ShowMenuSupport
20260612-003053	INFO	[Modify Exp] SdachSM add 2000000000 exp in 0 second in script:/script/ksgvn/item/item_test_card.lua   function:kgm_ShowMenuSupport
20260612-003053	INFO	[Modify Exp] SdachSM add 2000000000 exp in 0 second in script:/script/ksgvn/item/item_test_card.lua   function:kgm_ShowMenuSupport
20260612-003053	INFO	[Modify Exp] SdachSM add 2000000000 exp in 0 second in script:/script/ksgvn/item/item_test_card.lua   function:kgm_ShowMenuSupport
20260612-003053	INFO	[Modify Exp] SdachSM add 2000000000 exp in 0 second in script:/script/ksgvn/item/item_test_card.lua   function:kgm_ShowMenuSupport
20260612-003053	INFO	[Modify Exp] SdachSM add 2000000000 exp in 0 second in script:/script/ksgvn/item/item_test_card.lua   function:kgm_ShowMenuSupport
20260612-003053	INFO	[Modify Exp] SdachSM add 2000000000 exp in 0 second in script:/script/ksgvn/item/item_test_card.lua   function:kgm_ShowMenuSupport
20260612-003053	INFO	[Modify Exp] SdachSM add 2000000000 exp in 0 second in script:/script/ksgvn/item/item_test_card.lua   function:kgm_ShowMenuSupport
20260612-003053	INFO	[Modify Exp] SdachSM add 2000000000 exp in 0 second in script:/script/ksgvn/item/item_test_card.lua   function:kgm_ShowMenuSupport
20260612-003053	INFO	[Modify Exp] SdachSM add 2000000000 exp in 0 second in script:/script/ksgvn/item/item_test_card.lua   function:kgm_ShowMenuSupport
20260612-003112	INFO	[Modify Exp] SdachSM add 2000000000 exp in 19 second in script:/script/ksgvn/item/item_test_card.lua   function:kgm_ShowMenuSupport
20260612-003112	INFO	[Modify Exp] SdachSM add 2000000000 exp in 0 second in script:/script/ksgvn/item/item_test_card.lua   function:kgm_ShowMenuSupport
20260612-003112	INFO	[Modify Exp] SdachSM add 2000000000 exp in 0 second in script:/script/ksgvn/item/item_test_card.lua   function:kgm_ShowMenuSupport
20260612-003112	INFO	[Modify Exp] SdachSM add 2000000000 exp in 0 second in script:/script/ksgvn/item/item_test_card.lua   function:kgm_ShowMenuSupport
20260612-003112	INFO	[Modify Exp] SdachSM add 2000000000 exp in 0 second in script:/script/ksgvn/item/item_test_card.lua   function:kgm_ShowMenuSupport
20260612-003112	INFO	[Modify Exp] SdachSM add 2000000000 exp in 0 second in script:/script/ksgvn/item/item_test_card.lua   function:kgm_ShowMenuSupport
20260612-003112	INFO	[Modify Exp] SdachSM add 2000000000 exp in 0 second in script:/script/ksgvn/item/item_test_card.lua   function:kgm_ShowMenuSupport
20260612-003112	INFO	[Modify Exp] SdachSM add 2000000000 exp in 0 second in script:/script/ksgvn/item/item_test_card.lua   function:kgm_ShowMenuSupport
20260612-003112	INFO	[Modify Exp] SdachSM add 2000000000 exp in 0 second in script:/script/ksgvn/item/item_test_card.lua   function:kgm_ShowMenuSupport
20260612-003112	INFO	[Modify Exp] SdachSM add 2000000000 exp in 0 second in script:/script/ksgvn/item/item_test_card.lua   function:kgm_ShowMenuSupport
20260612-003112	INFO	[Modify Exp] SdachSM add 2000000000 exp in 0 second in script:/script/ksgvn/item/item_test_card.lua   function:kgm_ShowMenuSupport
20260612-003112	INFO	[Modify Exp] SdachSM add 2000000000 exp in 0 second in script:/script/ksgvn/item/item_test_card.lua   function:kgm_ShowMenuSupport
20260612-003112	INFO	[Modify Exp] SdachSM add 2000000000 exp in 0 second in script:/script/ksgvn/item/item_test_card.lua   function:kgm_ShowMenuSupport
20260612-003112	INFO	[Modify Exp] SdachSM add 2000000000 exp in 0 second in script:/script/ksgvn/item/item_test_card.lua   function:kgm_ShowMenuSupport
20260612-003112	INFO	[Modify Exp] SdachSM add 2000000000 exp in 0 second in script:/script/ksgvn/item/item_test_card.lua   function:kgm_ShowMenuSupport
20260612-003112	INFO	[Modify Exp] SdachSM add 2000000000 exp in 0 second in script:/script/ksgvn/item/item_test_card.lua   function:kgm_ShowMenuSupport
20260612-003112	INFO	[Modify Exp] SdachSM add 2000000000 exp in 0 second in script:/script/ksgvn/item/item_test_card.lua   function:kgm_ShowMenuSupport
20260612-003112	INFO	[Modify Exp] SdachSM add 2000000000 exp in 0 second in script:/script/ksgvn/item/item_test_card.lua   function:kgm_ShowMenuSupport
20260612-003112	INFO	[Modify Exp] SdachSM add 2000000000 exp in 0 second in script:/script/ksgvn/item/item_test_card.lua   function:kgm_ShowMenuSupport
20260612-003112	INFO	[Modify Exp] SdachSM add 2000000000 exp in 0 second in script:/script/ksgvn/item/item_test_card.lua   function:kgm_ShowMenuSupport
20260612-003112	INFO	[Modify Exp] SdachSM add 2000000000 exp in 0 second in script:/script/ksgvn/item/item_test_card.lua   function:kgm_ShowMenuSupport
20260612-003112	INFO	[Modify Exp] SdachSM add 2000000000 exp in 0 second in script:/script/ksgvn/item/item_test_card.lua   function:kgm_ShowMenuSupport
20260612-003112	INFO	[Modify Exp] SdachSM add 2000000000 exp in 0 second in script:/script/ksgvn/item/item_test_card.lua   function:kgm_ShowMenuSupport
20260612-003112	INFO	[Modify Exp] SdachSM add 2000000000 exp in 0 second in script:/script/ksgvn/item/item_test_card.lua   function:kgm_ShowMenuSupport
20260612-003112	INFO	[Modify Exp] SdachSM add 2000000000 exp in 0 second in script:/script/ksgvn/item/item_test_card.lua   function:kgm_ShowMenuSupport
20260612-003112	INFO	[Modify Exp] SdachSM add 2000000000 exp in 0 second in script:/script/ksgvn/item/item_test_card.lua   function:kgm_ShowMenuSupport
20260612-003112	INFO	[Modify Exp] SdachSM add 2000000000 exp in 0 second in script:/script/ksgvn/item/item_test_card.lua   function:kgm_ShowMenuSupport
20260612-003112	INFO	[Modify Exp] SdachSM add 2000000000 exp in 0 second in script:/script/ksgvn/item/item_test_card.lua   function:kgm_ShowMenuSupport
20260612-003112	INFO	[Modify Exp] SdachSM add 2000000000 exp in 0 second in script:/script/ksgvn/item/item_test_card.lua   function:kgm_ShowMenuSupport
20260612-003112	INFO	[Modify Exp] SdachSM add 2000000000 exp in 0 second in script:/script/ksgvn/item/item_test_card.lua   function:kgm_ShowMenuSupport
20260612-003112	INFO	[Modify Exp] SdachSM add 2000000000 exp in 0 second in script:/script/ksgvn/item/item_test_card.lua   function:kgm_ShowMenuSupport
20260612-003112	INFO	[Modify Exp] SdachSM add 2000000000 exp in 0 second in script:/script/ksgvn/item/item_test_card.lua   function:kgm_ShowMenuSupport
20260612-003112	INFO	[Modify Exp] SdachSM add 2000000000 exp in 0 second in script:/script/ksgvn/item/item_test_card.lua   function:kgm_ShowMenuSupport
20260612-003112	INFO	[Modify Exp] SdachSM add 2000000000 exp in 0 second in script:/script/ksgvn/item/item_test_card.lua   function:kgm_ShowMenuSupport
20260612-003112	INFO	[Modify Exp] SdachSM add 2000000000 exp in 0 second in script:/script/ksgvn/item/item_test_card.lua   function:kgm_ShowMenuSupport
20260612-003112	INFO	[Modify Exp] SdachSM add 2000000000 exp in 0 second in script:/script/ksgvn/item/item_test_card.lua   function:kgm_ShowMenuSupport
20260612-003112	INFO	[Modify Exp] SdachSM add 2000000000 exp in 0 second in script:/script/ksgvn/item/item_test_card.lua   function:kgm_ShowMenuSupport
20260612-003112	INFO	[Modify Exp] SdachSM add 2000000000 exp in 0 second in script:/script/ksgvn/item/item_test_card.lua   function:kgm_ShowMenuSupport
20260612-003112	INFO	[Modify Exp] SdachSM add 2000000000 exp in 0 second in script:/script/ksgvn/item/item_test_card.lua   function:kgm_ShowMenuSupport
20260612-003112	INFO	[Modify Exp] SdachSM add 2000000000 exp in 0 second in script:/script/ksgvn/item/item_test_card.lua   function:kgm_ShowMenuSupport
20260612-003112	INFO	[Modify Exp] SdachSM add 2000000000 exp in 0 second in script:/script/ksgvn/item/item_test_card.lua   function:kgm_ShowMenuSupport
20260612-003112	INFO	[Modify Exp] SdachSM add 2000000000 exp in 0 second in script:/script/ksgvn/item/item_test_card.lua   function:kgm_ShowMenuSupport
20260612-003112	INFO	[Modify Exp] SdachSM add 2000000000 exp in 0 second in script:/script/ksgvn/item/item_test_card.lua   function:kgm_ShowMenuSupport
20260612-003112	INFO	[Modify Exp] SdachSM add 2000000000 exp in 0 second in script:/script/ksgvn/item/item_test_card.lua   function:kgm_ShowMenuSupport
20260612-003112	INFO	[Modify Exp] SdachSM add 2000000000 exp in 0 second in script:/script/ksgvn/item/item_test_card.lua   function:kgm_ShowMenuSupport
20260612-003112	INFO	[Modify Exp] SdachSM add 2000000000 exp in 0 second in script:/script/ksgvn/item/item_test_card.lua   function:kgm_ShowMenuSupport
20260612-003112	INFO	[Modify Exp] SdachSM add 2000000000 exp in 0 second in script:/script/ksgvn/item/item_test_card.lua   function:kgm_ShowMenuSupport
20260612-003112	INFO	[Modify Exp] SdachSM add 2000000000 exp in 0 second in script:/script/ksgvn/item/item_test_card.lua   function:kgm_ShowMenuSupport
20260612-003112	INFO	[Modify Exp] SdachSM add 2000000000 exp in 0 second in script:/script/ksgvn/item/item_test_card.lua   function:kgm_ShowMenuSupport
20260612-003112	INFO	[Modify Exp] SdachSM add 2000000000 exp in 0 second in script:/script/ksgvn/item/item_test_card.lua   function:kgm_ShowMenuSupport
20260612-003120	INFO	[Modify Exp] SdachSM add 2000000000 exp in 8 second in script:/script/ksgvn/item/item_test_card.lua   function:kgm_ShowMenuSupport
20260612-003120	INFO	[Modify Exp] SdachSM add 2000000000 exp in 0 second in script:/script/ksgvn/item/item_test_card.lua   function:kgm_ShowMenuSupport
20260612-003120	INFO	[Modify Exp] SdachSM add 2000000000 exp in 0 second in script:/script/ksgvn/item/item_test_card.lua   function:kgm_ShowMenuSupport
20260612-003120	INFO	[Modify Exp] SdachSM add 2000000000 exp in 0 second in script:/script/ksgvn/item/item_test_card.lua   function:kgm_ShowMenuSupport
20260612-003120	INFO	[Modify Exp] SdachSM add 2000000000 exp in 0 second in script:/script/ksgvn/item/item_test_card.lua   function:kgm_ShowMenuSupport
20260612-003120	INFO	[Modify Exp] SdachSM add 2000000000 exp in 0 second in script:/script/ksgvn/item/item_test_card.lua   function:kgm_ShowMenuSupport
20260612-003120	INFO	[Modify Exp] SdachSM add 2000000000 exp in 0 second in script:/script/ksgvn/item/item_test_card.lua   function:kgm_ShowMenuSupport
20260612-003120	INFO	[Modify Exp] SdachSM add 2000000000 exp in 0 second in script:/script/ksgvn/item/item_test_card.lua   function:kgm_ShowMenuSupport
20260612-003120	INFO	[Modify Exp] SdachSM add 2000000000 exp in 0 second in script:/script/ksgvn/item/item_test_card.lua   function:kgm_ShowMenuSupport
20260612-003120	INFO	[Modify Exp] SdachSM add 2000000000 exp in 0 second in script:/script/ksgvn/item/item_test_card.lua   function:kgm_ShowMenuSupport
20260612-003120	INFO	[Modify Exp] SdachSM add 2000000000 exp in 0 second in script:/script/ksgvn/item/item_test_card.lua   function:kgm_ShowMenuSupport
20260612-003120	INFO	[Modify Exp] SdachSM add 2000000000 exp in 0 second in script:/script/ksgvn/item/item_test_card.lua   function:kgm_ShowMenuSupport
20260612-003120	INFO	[Modify Exp] SdachSM add 2000000000 exp in 0 second in script:/script/ksgvn/item/item_test_card.lua   function:kgm_ShowMenuSupport
20260612-003120	INFO	[Modify Exp] SdachSM add 2000000000 exp in 0 second in script:/script/ksgvn/item/item_test_card.lua   function:kgm_ShowMenuSupport
20260612-003120	INFO	[Modify Exp] SdachSM add 2000000000 exp in 0 second in script:/script/ksgvn/item/item_test_card.lua   function:kgm_ShowMenuSupport
20260612-003120	INFO	[Modify Exp] SdachSM add 2000000000 exp in 0 second in script:/script/ksgvn/item/item_test_card.lua   function:kgm_ShowMenuSupport
20260612-003120	INFO	[Modify Exp] SdachSM add 2000000000 exp in 0 second in script:/script/ksgvn/item/item_test_card.lua   function:kgm_ShowMenuSupport
20260612-003120	INFO	[Modify Exp] SdachSM add 2000000000 exp in 0 second in script:/script/ksgvn/item/item_test_card.lua   function:kgm_ShowMenuSupport
20260612-003120	INFO	[Modify Exp] SdachSM add 2000000000 exp in 0 second in script:/script/ksgvn/item/item_test_card.lua   function:kgm_ShowMenuSupport
20260612-003120	INFO	[Modify Exp] SdachSM add 2000000000 exp in 0 second in script:/script/ksgvn/item/item_test_card.lua   function:kgm_ShowMenuSupport
20260612-003120	INFO	[Modify Exp] SdachSM add 2000000000 exp in 0 second in script:/script/ksgvn/item/item_test_card.lua   function:kgm_ShowMenuSupport
20260612-003120	INFO	[Modify Exp] SdachSM add 2000000000 exp in 0 second in script:/script/ksgvn/item/item_test_card.lua   function:kgm_ShowMenuSupport
20260612-003120	INFO	[Modify Exp] SdachSM add 2000000000 exp in 0 second in script:/script/ksgvn/item/item_test_card.lua   function:kgm_ShowMenuSupport
20260612-003120	INFO	[Modify Exp] SdachSM add 2000000000 exp in 0 second in script:/script/ksgvn/item/item_test_card.lua   function:kgm_ShowMenuSupport
20260612-003120	INFO	[Modify Exp] SdachSM add 2000000000 exp in 0 second in script:/script/ksgvn/item/item_test_card.lua   function:kgm_ShowMenuSupport
20260612-003120	INFO	[Modify Exp] SdachSM add 2000000000 exp in 0 second in script:/script/ksgvn/item/item_test_card.lua   function:kgm_ShowMenuSupport
20260612-003120	INFO	[Modify Exp] SdachSM add 2000000000 exp in 0 second in script:/script/ksgvn/item/item_test_card.lua   function:kgm_ShowMenuSupport
20260612-003120	INFO	[Modify Exp] SdachSM add 2000000000 exp in 0 second in script:/script/ksgvn/item/item_test_card.lua   function:kgm_ShowMenuSupport
20260612-003120	INFO	[Modify Exp] SdachSM add 2000000000 exp in 0 second in script:/script/ksgvn/item/item_test_card.lua   function:kgm_ShowMenuSupport
20260612-003120	INFO	[Modify Exp] SdachSM add 2000000000 exp in 0 second in script:/script/ksgvn/item/item_test_card.lua   function:kgm_ShowMenuSupport
20260612-003120	INFO	[Modify Exp] SdachSM add 2000000000 exp in 0 second in script:/script/ksgvn/item/item_test_card.lua   function:kgm_ShowMenuSupport
20260612-003120	INFO	[Modify Exp] SdachSM add 2000000000 exp in 0 second in script:/script/ksgvn/item/item_test_card.lua   function:kgm_ShowMenuSupport
20260612-003120	INFO	[Modify Exp] SdachSM add 2000000000 exp in 0 second in script:/script/ksgvn/item/item_test_card.lua   function:kgm_ShowMenuSupport
20260612-003120	INFO	[Modify Exp] SdachSM add 2000000000 exp in 0 second in script:/script/ksgvn/item/item_test_card.lua   function:kgm_ShowMenuSupport
20260612-003120	INFO	[Modify Exp] SdachSM add 2000000000 exp in 0 second in script:/script/ksgvn/item/item_test_card.lua   function:kgm_ShowMenuSupport
20260612-003120	INFO	[Modify Exp] SdachSM add 2000000000 exp in 0 second in script:/script/ksgvn/item/item_test_card.lua   function:kgm_ShowMenuSupport
20260612-003120	INFO	[Modify Exp] SdachSM add 2000000000 exp in 0 second in script:/script/ksgvn/item/item_test_card.lua   function:kgm_ShowMenuSupport
20260612-003120	INFO	[Modify Exp] SdachSM add 2000000000 exp in 0 second in script:/script/ksgvn/item/item_test_card.lua   function:kgm_ShowMenuSupport
20260612-003120	INFO	[Modify Exp] SdachSM add 2000000000 exp in 0 second in script:/script/ksgvn/item/item_test_card.lua   function:kgm_ShowMenuSupport
20260612-003120	INFO	[Modify Exp] SdachSM add 2000000000 exp in 0 second in script:/script/ksgvn/item/item_test_card.lua   function:kgm_ShowMenuSupport
20260612-003120	INFO	[Modify Exp] SdachSM add 2000000000 exp in 0 second in script:/script/ksgvn/item/item_test_card.lua   function:kgm_ShowMenuSupport
20260612-003120	INFO	[Modify Exp] SdachSM add 2000000000 exp in 0 second in script:/script/ksgvn/item/item_test_card.lua   function:kgm_ShowMenuSupport
20260612-003120	INFO	[Modify Exp] SdachSM add 2000000000 exp in 0 second in script:/script/ksgvn/item/item_test_card.lua   function:kgm_ShowMenuSupport
20260612-003120	INFO	[Modify Exp] SdachSM add 2000000000 exp in 0 second in script:/script/ksgvn/item/item_test_card.lua   function:kgm_ShowMenuSupport
20260612-003120	INFO	[Modify Exp] SdachSM add 2000000000 exp in 0 second in script:/script/ksgvn/item/item_test_card.lua   function:kgm_ShowMenuSupport
20260612-003120	INFO	[Modify Exp] SdachSM add 2000000000 exp in 0 second in script:/script/ksgvn/item/item_test_card.lua   function:kgm_ShowMenuSupport
20260612-003120	INFO	[Modify Exp] SdachSM add 2000000000 exp in 0 second in script:/script/ksgvn/item/item_test_card.lua   function:kgm_ShowMenuSupport
20260612-003120	INFO	[Modify Exp] SdachSM add 2000000000 exp in 0 second in script:/script/ksgvn/item/item_test_card.lua   function:kgm_ShowMenuSupport
20260612-003120	INFO	[Modify Exp] SdachSM add 2000000000 exp in 0 second in script:/script/ksgvn/item/item_test_card.lua   function:kgm_ShowMenuSupport
20260612-003120	INFO	[Modify Exp] SdachSM add 2000000000 exp in 0 second in script:/script/ksgvn/item/item_test_card.lua   function:kgm_ShowMenuSupport
20260612-003154	INFO	[Modify Exp] SdachSM add -2000000000 exp in 5 second in script:/script/ksgvn/item/item_tuluyenchau.lua   function:tuluyenchau_PutLinhKhi
20260612-003154	INFO	[Modify Exp] SdachSM add -2000000000 exp in 0 second in script:/script/ksgvn/item/item_tuluyenchau.lua   function:tuluyenchau_PutLinhKhi
20260612-003154	INFO	[Modify Exp] SdachSM add -2000000000 exp in 0 second in script:/script/ksgvn/item/item_tuluyenchau.lua   function:tuluyenchau_PutLinhKhi
20260612-003154	INFO	[Modify Exp] SdachSM add -2000000000 exp in 0 second in script:/script/ksgvn/item/item_tuluyenchau.lua   function:tuluyenchau_PutLinhKhi
20260612-003154	INFO	[Modify Exp] SdachSM add -2000000000 exp in 0 second in script:/script/ksgvn/item/item_tuluyenchau.lua   function:tuluyenchau_PutLinhKhi
20260612-003154	INFO	[Modify Exp] SdachSM add -2000000000 exp in 0 second in script:/script/ksgvn/item/item_tuluyenchau.lua   function:tuluyenchau_PutLinhKhi
20260612-003154	INFO	[Modify Exp] SdachSM add -2000000000 exp in 0 second in script:/script/ksgvn/item/item_tuluyenchau.lua   function:tuluyenchau_PutLinhKhi
20260612-003154	INFO	[Modify Exp] SdachSM add -2000000000 exp in 0 second in script:/script/ksgvn/item/item_tuluyenchau.lua   function:tuluyenchau_PutLinhKhi
20260612-003154	INFO	[Modify Exp] SdachSM add -2000000000 exp in 0 second in script:/script/ksgvn/item/item_tuluyenchau.lua   function:tuluyenchau_PutLinhKhi
20260612-003154	INFO	[Modify Exp] SdachSM add -2000000000 exp in 0 second in script:/script/ksgvn/item/item_tuluyenchau.lua   function:tuluyenchau_PutLinhKhi
20260612-003154	INFO	[Modify Exp] SdachSM add -2000000000 exp in 0 second in script:/script/ksgvn/item/item_tuluyenchau.lua   function:tuluyenchau_PutLinhKhi
20260612-003154	INFO	[Modify Exp] SdachSM add -2000000000 exp in 0 second in script:/script/ksgvn/item/item_tuluyenchau.lua   function:tuluyenchau_PutLinhKhi
20260612-003154	INFO	[Modify Exp] SdachSM add -2000000000 exp in 0 second in script:/script/ksgvn/item/item_tuluyenchau.lua   function:tuluyenchau_PutLinhKhi
20260612-003154	INFO	[Modify Exp] SdachSM add -2000000000 exp in 0 second in script:/script/ksgvn/item/item_tuluyenchau.lua   function:tuluyenchau_PutLinhKhi
20260612-003154	INFO	[Modify Exp] SdachSM add -2000000000 exp in 0 second in script:/script/ksgvn/item/item_tuluyenchau.lua   function:tuluyenchau_PutLinhKhi
20260612-003154	INFO	[Modify Exp] SdachSM add -2000000000 exp in 0 second in script:/script/ksgvn/item/item_tuluyenchau.lua   function:tuluyenchau_PutLinhKhi
20260612-003154	INFO	[Modify Exp] SdachSM add -2000000000 exp in 0 second in script:/script/ksgvn/item/item_tuluyenchau.lua   function:tuluyenchau_PutLinhKhi
20260612-003154	INFO	[Modify Exp] SdachSM add -2000000000 exp in 0 second in script:/script/ksgvn/item/item_tuluyenchau.lua   function:tuluyenchau_PutLinhKhi
20260612-003154	INFO	[Modify Exp] SdachSM add -2000000000 exp in 0 second in script:/script/ksgvn/item/item_tuluyenchau.lua   function:tuluyenchau_PutLinhKhi
20260612-003154	INFO	[Modify Exp] SdachSM add -2000000000 exp in 0 second in script:/script/ksgvn/item/item_tuluyenchau.lua   function:tuluyenchau_PutLinhKhi
20260612-003154	INFO	[Modify Exp] SdachSM add -2000000000 exp in 0 second in script:/script/ksgvn/item/item_tuluyenchau.lua   function:tuluyenchau_PutLinhKhi
20260612-003154	INFO	[Modify Exp] SdachSM add -2000000000 exp in 0 second in script:/script/ksgvn/item/item_tuluyenchau.lua   function:tuluyenchau_PutLinhKhi
20260612-003154	INFO	[Modify Exp] SdachSM add -2000000000 exp in 0 second in script:/script/ksgvn/item/item_tuluyenchau.lua   function:tuluyenchau_PutLinhKhi
20260612-003154	INFO	[Modify Exp] SdachSM add -2000000000 exp in 0 second in script:/script/ksgvn/item/item_tuluyenchau.lua   function:tuluyenchau_PutLinhKhi
20260612-003154	INFO	[Modify Exp] SdachSM add -2000000000 exp in 0 second in script:/script/ksgvn/item/item_tuluyenchau.lua   function:tuluyenchau_PutLinhKhi
20260612-003202	INFO	[Modify Exp] SdachSM add -2000000000 exp in 7 second in script:/script/ksgvn/item/item_tuluyenchau.lua   function:tuluyenchau_PutLinhKhi
20260612-003202	INFO	[Modify Exp] SdachSM add -2000000000 exp in 0 second in script:/script/ksgvn/item/item_tuluyenchau.lua   function:tuluyenchau_PutLinhKhi
20260612-003202	INFO	[Modify Exp] SdachSM add -2000000000 exp in 0 second in script:/script/ksgvn/item/item_tuluyenchau.lua   function:tuluyenchau_PutLinhKhi
20260612-003202	INFO	[Modify Exp] SdachSM add -2000000000 exp in 0 second in script:/script/ksgvn/item/item_tuluyenchau.lua   function:tuluyenchau_PutLinhKhi
20260612-003202	INFO	[Modify Exp] SdachSM add -2000000000 exp in 0 second in script:/script/ksgvn/item/item_tuluyenchau.lua   function:tuluyenchau_PutLinhKhi
20260612-003202	INFO	[Modify Exp] SdachSM add -2000000000 exp in 0 second in script:/script/ksgvn/item/item_tuluyenchau.lua   function:tuluyenchau_PutLinhKhi
20260612-003202	INFO	[Modify Exp] SdachSM add -2000000000 exp in 0 second in script:/script/ksgvn/item/item_tuluyenchau.lua   function:tuluyenchau_PutLinhKhi
20260612-003202	INFO	[Modify Exp] SdachSM add -2000000000 exp in 0 second in script:/script/ksgvn/item/item_tuluyenchau.lua   function:tuluyenchau_PutLinhKhi
20260612-003202	INFO	[Modify Exp] SdachSM add -2000000000 exp in 0 second in script:/script/ksgvn/item/item_tuluyenchau.lua   function:tuluyenchau_PutLinhKhi
20260612-003202	INFO	[Modify Exp] SdachSM add -2000000000 exp in 0 second in script:/script/ksgvn/item/item_tuluyenchau.lua   function:tuluyenchau_PutLinhKhi
20260612-003202	INFO	[Modify Exp] SdachSM add -2000000000 exp in 0 second in script:/script/ksgvn/item/item_tuluyenchau.lua   function:tuluyenchau_PutLinhKhi
20260612-003202	INFO	[Modify Exp] SdachSM add -2000000000 exp in 0 second in script:/script/ksgvn/item/item_tuluyenchau.lua   function:tuluyenchau_PutLinhKhi
20260612-003202	INFO	[Modify Exp] SdachSM add -2000000000 exp in 0 second in script:/script/ksgvn/item/item_tuluyenchau.lua   function:tuluyenchau_PutLinhKhi
20260612-003202	INFO	[Modify Exp] SdachSM add -2000000000 exp in 0 second in script:/script/ksgvn/item/item_tuluyenchau.lua   function:tuluyenchau_PutLinhKhi
20260612-003202	INFO	[Modify Exp] SdachSM add -2000000000 exp in 0 second in script:/script/ksgvn/item/item_tuluyenchau.lua   function:tuluyenchau_PutLinhKhi
20260612-003202	INFO	[Modify Exp] SdachSM add -2000000000 exp in 0 second in script:/script/ksgvn/item/item_tuluyenchau.lua   function:tuluyenchau_PutLinhKhi
20260612-003202	INFO	[Modify Exp] SdachSM add -2000000000 exp in 0 second in script:/script/ksgvn/item/item_tuluyenchau.lua   function:tuluyenchau_PutLinhKhi
20260612-003202	INFO	[Modify Exp] SdachSM add -2000000000 exp in 0 second in script:/script/ksgvn/item/item_tuluyenchau.lua   function:tuluyenchau_PutLinhKhi
20260612-003202	INFO	[Modify Exp] SdachSM add -2000000000 exp in 0 second in script:/script/ksgvn/item/item_tuluyenchau.lua   function:tuluyenchau_PutLinhKhi
20260612-003202	INFO	[Modify Exp] SdachSM add -2000000000 exp in 0 second in script:/script/ksgvn/item/item_tuluyenchau.lua   function:tuluyenchau_PutLinhKhi
20260612-003202	INFO	[Modify Exp] SdachSM add -2000000000 exp in 0 second in script:/script/ksgvn/item/item_tuluyenchau.lua   function:tuluyenchau_PutLinhKhi
20260612-003202	INFO	[Modify Exp] SdachSM add -2000000000 exp in 0 second in script:/script/ksgvn/item/item_tuluyenchau.lua   function:tuluyenchau_PutLinhKhi
20260612-003202	INFO	[Modify Exp] SdachSM add -2000000000 exp in 0 second in script:/script/ksgvn/item/item_tuluyenchau.lua   function:tuluyenchau_PutLinhKhi
20260612-003202	INFO	[Modify Exp] SdachSM add -2000000000 exp in 0 second in script:/script/ksgvn/item/item_tuluyenchau.lua   function:tuluyenchau_PutLinhKhi
20260612-003202	INFO	[Modify Exp] SdachSM add -1999000000 exp in 0 second in script:/script/ksgvn/item/item_tuluyenchau.lua   function:tuluyenchau_PutLinhKhi
20260612-003209	INFO	[Modify Exp] SdachSM add 2000000000 exp in 6 second in script:/script/ksgvn/item/item_tuluyenchau.lua   function:tuluyenchau_HutLinhKhi
20260612-003209	INFO	[Modify Exp] SdachSM add 2000000000 exp in 0 second in script:/script/ksgvn/item/item_tuluyenchau.lua   function:tuluyenchau_HutLinhKhi
20260612-003209	INFO	[Modify Exp] SdachSM add 2000000000 exp in 0 second in script:/script/ksgvn/item/item_tuluyenchau.lua   function:tuluyenchau_HutLinhKhi
20260612-003209	INFO	[Modify Exp] SdachSM add 2000000000 exp in 0 second in script:/script/ksgvn/item/item_tuluyenchau.lua   function:tuluyenchau_HutLinhKhi
20260612-003209	INFO	[Modify Exp] SdachSM add 2000000000 exp in 0 second in script:/script/ksgvn/item/item_tuluyenchau.lua   function:tuluyenchau_HutLinhKhi
20260612-003209	INFO	[Modify Exp] SdachSM add 2000000000 exp in 0 second in script:/script/ksgvn/item/item_tuluyenchau.lua   function:tuluyenchau_HutLinhKhi
20260612-003209	INFO	[Modify Exp] SdachSM add 2000000000 exp in 0 second in script:/script/ksgvn/item/item_tuluyenchau.lua   function:tuluyenchau_HutLinhKhi
20260612-003209	INFO	[Modify Exp] SdachSM add 2000000000 exp in 0 second in script:/script/ksgvn/item/item_tuluyenchau.lua   function:tuluyenchau_HutLinhKhi
20260612-003209	INFO	[Modify Exp] SdachSM add 2000000000 exp in 0 second in script:/script/ksgvn/item/item_tuluyenchau.lua   function:tuluyenchau_HutLinhKhi
20260612-003209	INFO	[Modify Exp] SdachSM add 2000000000 exp in 0 second in script:/script/ksgvn/item/item_tuluyenchau.lua   function:tuluyenchau_HutLinhKhi
20260612-003209	INFO	[Modify Exp] SdachSM add 2000000000 exp in 0 second in script:/script/ksgvn/item/item_tuluyenchau.lua   function:tuluyenchau_HutLinhKhi
20260612-003209	INFO	[Modify Exp] SdachSM add 2000000000 exp in 0 second in script:/script/ksgvn/item/item_tuluyenchau.lua   function:tuluyenchau_HutLinhKhi
20260612-003209	INFO	[Modify Exp] SdachSM add 2000000000 exp in 0 second in script:/script/ksgvn/item/item_tuluyenchau.lua   function:tuluyenchau_HutLinhKhi
20260612-003209	INFO	[Modify Exp] SdachSM add 2000000000 exp in 0 second in script:/script/ksgvn/item/item_tuluyenchau.lua   function:tuluyenchau_HutLinhKhi
20260612-003209	INFO	[Modify Exp] SdachSM add 2000000000 exp in 0 second in script:/script/ksgvn/item/item_tuluyenchau.lua   function:tuluyenchau_HutLinhKhi
20260612-003209	INFO	[Modify Exp] SdachSM add 2000000000 exp in 0 second in script:/script/ksgvn/item/item_tuluyenchau.lua   function:tuluyenchau_HutLinhKhi
20260612-003209	INFO	[Modify Exp] SdachSM add 2000000000 exp in 0 second in script:/script/ksgvn/item/item_tuluyenchau.lua   function:tuluyenchau_HutLinhKhi
20260612-003209	INFO	[Modify Exp] SdachSM add 2000000000 exp in 0 second in script:/script/ksgvn/item/item_tuluyenchau.lua   function:tuluyenchau_HutLinhKhi
20260612-003209	INFO	[Modify Exp] SdachSM add 2000000000 exp in 0 second in script:/script/ksgvn/item/item_tuluyenchau.lua   function:tuluyenchau_HutLinhKhi
20260612-003209	INFO	[Modify Exp] SdachSM add 2000000000 exp in 0 second in script:/script/ksgvn/item/item_tuluyenchau.lua   function:tuluyenchau_HutLinhKhi
20260612-003209	INFO	[Modify Exp] SdachSM add 2000000000 exp in 0 second in script:/script/ksgvn/item/item_tuluyenchau.lua   function:tuluyenchau_HutLinhKhi
20260612-003209	INFO	[Modify Exp] SdachSM add 2000000000 exp in 0 second in script:/script/ksgvn/item/item_tuluyenchau.lua   function:tuluyenchau_HutLinhKhi
20260612-003209	INFO	[Modify Exp] SdachSM add 2000000000 exp in 0 second in script:/script/ksgvn/item/item_tuluyenchau.lua   function:tuluyenchau_HutLinhKhi
20260612-003209	INFO	[Modify Exp] SdachSM add 2000000000 exp in 0 second in script:/script/ksgvn/item/item_tuluyenchau.lua   function:tuluyenchau_HutLinhKhi
20260612-003209	INFO	[Modify Exp] SdachSM add 2000000000 exp in 0 second in script:/script/ksgvn/item/item_tuluyenchau.lua   function:tuluyenchau_HutLinhKhi
20260612-004452	INFO	[Modify Exp] MaJas_ServeR add 2000000000 exp in 2582 second in script:/script/ksgvn/item/item_test_card.lua   function:kgm_ShowMenuSupport
20260612-004452	INFO	[Modify Exp] MaJas_ServeR add 2000000000 exp in 0 second in script:/script/ksgvn/item/item_test_card.lua   function:kgm_ShowMenuSupport
20260612-004452	INFO	[Modify Exp] MaJas_ServeR add 2000000000 exp in 0 second in script:/script/ksgvn/item/item_test_card.lua   function:kgm_ShowMenuSupport
20260612-004452	INFO	[Modify Exp] MaJas_ServeR add 2000000000 exp in 0 second in script:/script/ksgvn/item/item_test_card.lua   function:kgm_ShowMenuSupport
20260612-004452	INFO	[Modify Exp] MaJas_ServeR add 2000000000 exp in 0 second in script:/script/ksgvn/item/item_test_card.lua   function:kgm_ShowMenuSupport
20260612-004452	INFO	[Modify Exp] MaJas_ServeR add 2000000000 exp in 0 second in script:/script/ksgvn/item/item_test_card.lua   function:kgm_ShowMenuSupport
20260612-004452	INFO	[Modify Exp] MaJas_ServeR add 2000000000 exp in 0 second in script:/script/ksgvn/item/item_test_card.lua   function:kgm_ShowMenuSupport
20260612-004452	INFO	[Modify Exp] MaJas_ServeR add 2000000000 exp in 0 second in script:/script/ksgvn/item/item_test_card.lua   function:kgm_ShowMenuSupport
20260612-004452	INFO	[Modify Exp] MaJas_ServeR add 2000000000 exp in 0 second in script:/script/ksgvn/item/item_test_card.lua   function:kgm_ShowMenuSupport
20260612-004452	INFO	[Modify Exp] MaJas_ServeR add 2000000000 exp in 0 second in script:/script/ksgvn/item/item_test_card.lua   function:kgm_ShowMenuSupport
20260612-004452	INFO	[Modify Exp] MaJas_ServeR add 2000000000 exp in 0 second in script:/script/ksgvn/item/item_test_card.lua   function:kgm_ShowMenuSupport
20260612-004452	INFO	[Modify Exp] MaJas_ServeR add 2000000000 exp in 0 second in script:/script/ksgvn/item/item_test_card.lua   function:kgm_ShowMenuSupport
20260612-004452	INFO	[Modify Exp] MaJas_ServeR add 2000000000 exp in 0 second in script:/script/ksgvn/item/item_test_card.lua   function:kgm_ShowMenuSupport
20260612-004452	INFO	[Modify Exp] MaJas_ServeR add 2000000000 exp in 0 second in script:/script/ksgvn/item/item_test_card.lua   function:kgm_ShowMenuSupport
20260612-004452	INFO	[Modify Exp] MaJas_ServeR add 2000000000 exp in 0 second in script:/script/ksgvn/item/item_test_card.lua   function:kgm_ShowMenuSupport
20260612-004452	INFO	[Modify Exp] MaJas_ServeR add 2000000000 exp in 0 second in script:/script/ksgvn/item/item_test_card.lua   function:kgm_ShowMenuSupport
20260612-004452	INFO	[Modify Exp] MaJas_ServeR add 2000000000 exp in 0 second in script:/script/ksgvn/item/item_test_card.lua   function:kgm_ShowMenuSupport
20260612-004452	INFO	[Modify Exp] MaJas_ServeR add 2000000000 exp in 0 second in script:/script/ksgvn/item/item_test_card.lua   function:kgm_ShowMenuSupport
20260612-004452	INFO	[Modify Exp] MaJas_ServeR add 2000000000 exp in 0 second in script:/script/ksgvn/item/item_test_card.lua   function:kgm_ShowMenuSupport
20260612-004452	INFO	[Modify Exp] MaJas_ServeR add 2000000000 exp in 0 second in script:/script/ksgvn/item/item_test_card.lua   function:kgm_ShowMenuSupport
20260612-004452	INFO	[Modify Exp] MaJas_ServeR add 2000000000 exp in 0 second in script:/script/ksgvn/item/item_test_card.lua   function:kgm_ShowMenuSupport
20260612-004452	INFO	[Modify Exp] MaJas_ServeR add 2000000000 exp in 0 second in script:/script/ksgvn/item/item_test_card.lua   function:kgm_ShowMenuSupport
20260612-004452	INFO	[Modify Exp] MaJas_ServeR add 2000000000 exp in 0 second in script:/script/ksgvn/item/item_test_card.lua   function:kgm_ShowMenuSupport
20260612-004452	INFO	[Modify Exp] MaJas_ServeR add 2000000000 exp in 0 second in script:/script/ksgvn/item/item_test_card.lua   function:kgm_ShowMenuSupport
20260612-004452	INFO	[Modify Exp] MaJas_ServeR add 2000000000 exp in 0 second in script:/script/ksgvn/item/item_test_card.lua   function:kgm_ShowMenuSupport
20260612-004452	INFO	[Modify Exp] MaJas_ServeR add 2000000000 exp in 0 second in script:/script/ksgvn/item/item_test_card.lua   function:kgm_ShowMenuSupport
20260612-004452	INFO	[Modify Exp] MaJas_ServeR add 2000000000 exp in 0 second in script:/script/ksgvn/item/item_test_card.lua   function:kgm_ShowMenuSupport
20260612-004452	INFO	[Modify Exp] MaJas_ServeR add 2000000000 exp in 0 second in script:/script/ksgvn/item/item_test_card.lua   function:kgm_ShowMenuSupport
20260612-004452	INFO	[Modify Exp] MaJas_ServeR add 2000000000 exp in 0 second in script:/script/ksgvn/item/item_test_card.lua   function:kgm_ShowMenuSupport
20260612-004452	INFO	[Modify Exp] MaJas_ServeR add 2000000000 exp in 0 second in script:/script/ksgvn/item/item_test_card.lua   function:kgm_ShowMenuSupport
20260612-004452	INFO	[Modify Exp] MaJas_ServeR add 2000000000 exp in 0 second in script:/script/ksgvn/item/item_test_card.lua   function:kgm_ShowMenuSupport
20260612-004452	INFO	[Modify Exp] MaJas_ServeR add 2000000000 exp in 0 second in script:/script/ksgvn/item/item_test_card.lua   function:kgm_ShowMenuSupport
20260612-004452	INFO	[Modify Exp] MaJas_ServeR add 2000000000 exp in 0 second in script:/script/ksgvn/item/item_test_card.lua   function:kgm_ShowMenuSupport
20260612-004452	INFO	[Modify Exp] MaJas_ServeR add 2000000000 exp in 0 second in script:/script/ksgvn/item/item_test_card.lua   function:kgm_ShowMenuSupport
20260612-004452	INFO	[Modify Exp] MaJas_ServeR add 2000000000 exp in 0 second in script:/script/ksgvn/item/item_test_card.lua   function:kgm_ShowMenuSupport
20260612-004452	INFO	[Modify Exp] MaJas_ServeR add 2000000000 exp in 0 second in script:/script/ksgvn/item/item_test_card.lua   function:kgm_ShowMenuSupport
20260612-004452	INFO	[Modify Exp] MaJas_ServeR add 2000000000 exp in 0 second in script:/script/ksgvn/item/item_test_card.lua   function:kgm_ShowMenuSupport
20260612-004452	INFO	[Modify Exp] MaJas_ServeR add 2000000000 exp in 0 second in script:/script/ksgvn/item/item_test_card.lua   function:kgm_ShowMenuSupport
20260612-004452	INFO	[Modify Exp] MaJas_ServeR add 2000000000 exp in 0 second in script:/script/ksgvn/item/item_test_card.lua   function:kgm_ShowMenuSupport
20260612-004452	INFO	[Modify Exp] MaJas_ServeR add 2000000000 exp in 0 second in script:/script/ksgvn/item/item_test_card.lua   function:kgm_ShowMenuSupport
20260612-004452	INFO	[Modify Exp] MaJas_ServeR add 2000000000 exp in 0 second in script:/script/ksgvn/item/item_test_card.lua   function:kgm_ShowMenuSupport
20260612-004452	INFO	[Modify Exp] MaJas_ServeR add 2000000000 exp in 0 second in script:/script/ksgvn/item/item_test_card.lua   function:kgm_ShowMenuSupport
20260612-004452	INFO	[Modify Exp] MaJas_ServeR add 2000000000 exp in 0 second in script:/script/ksgvn/item/item_test_card.lua   function:kgm_ShowMenuSupport
20260612-004452	INFO	[Modify Exp] MaJas_ServeR add 2000000000 exp in 0 second in script:/script/ksgvn/item/item_test_card.lua   function:kgm_ShowMenuSupport
20260612-004452	INFO	[Modify Exp] MaJas_ServeR add 2000000000 exp in 0 second in script:/script/ksgvn/item/item_test_card.lua   function:kgm_ShowMenuSupport
20260612-004452	INFO	[Modify Exp] MaJas_ServeR add 2000000000 exp in 0 second in script:/script/ksgvn/item/item_test_card.lua   function:kgm_ShowMenuSupport
20260612-004452	INFO	[Modify Exp] MaJas_ServeR add 2000000000 exp in 0 second in script:/script/ksgvn/item/item_test_card.lua   function:kgm_ShowMenuSupport
20260612-004452	INFO	[Modify Exp] MaJas_ServeR add 2000000000 exp in 0 second in script:/script/ksgvn/item/item_test_card.lua   function:kgm_ShowMenuSupport
20260612-004452	INFO	[Modify Exp] MaJas_ServeR add 2000000000 exp in 0 second in script:/script/ksgvn/item/item_test_card.lua   function:kgm_ShowMenuSupport
20260612-004452	INFO	[Modify Exp] MaJas_ServeR add 2000000000 exp in 0 second in script:/script/ksgvn/item/item_test_card.lua   function:kgm_ShowMenuSupport
20260612-004456	INFO	[Modify Exp] MaJas_ServeR add 2000000000 exp in 4 second in script:/script/ksgvn/item/item_test_card.lua   function:kgm_ShowMenuSupport
20260612-004456	INFO	[Npc AddExp] MaJas_ServeR's exp[102000000000] reach MAX[100000000000] Reborn=2 CfgMax=100000000000.
20260612-004456	INFO	[Modify Exp] MaJas_ServeR add 2000000000 exp in 0 second in script:/script/ksgvn/item/item_test_card.lua   function:kgm_ShowMenuSupport
20260612-004456	INFO	[Npc AddExp] MaJas_ServeR's exp[102000000000] reach MAX[100000000000] Reborn=2 CfgMax=100000000000.
20260612-004456	INFO	[Modify Exp] MaJas_ServeR add 2000000000 exp in 0 second in script:/script/ksgvn/item/item_test_card.lua   function:kgm_ShowMenuSupport
20260612-004456	INFO	[Npc AddExp] MaJas_ServeR's exp[102000000000] reach MAX[100000000000] Reborn=2 CfgMax=100000000000.
20260612-004456	INFO	[Modify Exp] MaJas_ServeR add 2000000000 exp in 0 second in script:/script/ksgvn/item/item_test_card.lua   function:kgm_ShowMenuSupport
20260612-004456	INFO	[Npc AddExp] MaJas_ServeR's exp[102000000000] reach MAX[100000000000] Reborn=2 CfgMax=100000000000.
20260612-004456	INFO	[Modify Exp] MaJas_ServeR add 2000000000 exp in 0 second in script:/script/ksgvn/item/item_test_card.lua   function:kgm_ShowMenuSupport
20260612-004456	INFO	[Npc AddExp] MaJas_ServeR's exp[102000000000] reach MAX[100000000000] Reborn=2 CfgMax=100000000000.
20260612-004456	INFO	[Modify Exp] MaJas_ServeR add 2000000000 exp in 0 second in script:/script/ksgvn/item/item_test_card.lua   function:kgm_ShowMenuSupport
20260612-004456	INFO	[Npc AddExp] MaJas_ServeR's exp[102000000000] reach MAX[100000000000] Reborn=2 CfgMax=100000000000.
20260612-004456	INFO	[Modify Exp] MaJas_ServeR add 2000000000 exp in 0 second in script:/script/ksgvn/item/item_test_card.lua   function:kgm_ShowMenuSupport
20260612-004456	INFO	[Npc AddExp] MaJas_ServeR's exp[102000000000] reach MAX[100000000000] Reborn=2 CfgMax=100000000000.
20260612-004456	INFO	[Modify Exp] MaJas_ServeR add 2000000000 exp in 0 second in script:/script/ksgvn/item/item_test_card.lua   function:kgm_ShowMenuSupport
20260612-004456	INFO	[Npc AddExp] MaJas_ServeR's exp[102000000000] reach MAX[100000000000] Reborn=2 CfgMax=100000000000.
20260612-004456	INFO	[Modify Exp] MaJas_ServeR add 2000000000 exp in 0 second in script:/script/ksgvn/item/item_test_card.lua   function:kgm_ShowMenuSupport
20260612-004456	INFO	[Npc AddExp] MaJas_ServeR's exp[102000000000] reach MAX[100000000000] Reborn=2 CfgMax=100000000000.
20260612-004456	INFO	[Modify Exp] MaJas_ServeR add 2000000000 exp in 0 second in script:/script/ksgvn/item/item_test_card.lua   function:kgm_ShowMenuSupport
20260612-004456	INFO	[Npc AddExp] MaJas_ServeR's exp[102000000000] reach MAX[100000000000] Reborn=2 CfgMax=100000000000.
20260612-004456	INFO	[Modify Exp] MaJas_ServeR add 2000000000 exp in 0 second in script:/script/ksgvn/item/item_test_card.lua   function:kgm_ShowMenuSupport
20260612-004456	INFO	[Npc AddExp] MaJas_ServeR's exp[102000000000] reach MAX[100000000000] Reborn=2 CfgMax=100000000000.
20260612-004456	INFO	[Modify Exp] MaJas_ServeR add 2000000000 exp in 0 second in script:/script/ksgvn/item/item_test_card.lua   function:kgm_ShowMenuSupport
20260612-004456	INFO	[Npc AddExp] MaJas_ServeR's exp[102000000000] reach MAX[100000000000] Reborn=2 CfgMax=100000000000.
20260612-004456	INFO	[Modify Exp] MaJas_ServeR add 2000000000 exp in 0 second in script:/script/ksgvn/item/item_test_card.lua   function:kgm_ShowMenuSupport
20260612-004456	INFO	[Npc AddExp] MaJas_ServeR's exp[102000000000] reach MAX[100000000000] Reborn=2 CfgMax=100000000000.
20260612-004456	INFO	[Modify Exp] MaJas_ServeR add 2000000000 exp in 0 second in script:/script/ksgvn/item/item_test_card.lua   function:kgm_ShowMenuSupport
20260612-004456	INFO	[Npc AddExp] MaJas_ServeR's exp[102000000000] reach MAX[100000000000] Reborn=2 CfgMax=100000000000.
20260612-004456	INFO	[Modify Exp] MaJas_ServeR add 2000000000 exp in 0 second in script:/script/ksgvn/item/item_test_card.lua   function:kgm_ShowMenuSupport
20260612-004456	INFO	[Npc AddExp] MaJas_ServeR's exp[102000000000] reach MAX[100000000000] Reborn=2 CfgMax=100000000000.
20260612-004456	INFO	[Modify Exp] MaJas_ServeR add 2000000000 exp in 0 second in script:/script/ksgvn/item/item_test_card.lua   function:kgm_ShowMenuSupport
20260612-004456	INFO	[Npc AddExp] MaJas_ServeR's exp[102000000000] reach MAX[100000000000] Reborn=2 CfgMax=100000000000.
20260612-004456	INFO	[Modify Exp] MaJas_ServeR add 2000000000 exp in 0 second in script:/script/ksgvn/item/item_test_card.lua   function:kgm_ShowMenuSupport
20260612-004456	INFO	[Npc AddExp] MaJas_ServeR's exp[102000000000] reach MAX[100000000000] Reborn=2 CfgMax=100000000000.
20260612-004456	INFO	[Modify Exp] MaJas_ServeR add 2000000000 exp in 0 second in script:/script/ksgvn/item/item_test_card.lua   function:kgm_ShowMenuSupport
20260612-004456	INFO	[Npc AddExp] MaJas_ServeR's exp[102000000000] reach MAX[100000000000] Reborn=2 CfgMax=100000000000.
20260612-004456	INFO	[Modify Exp] MaJas_ServeR add 2000000000 exp in 0 second in script:/script/ksgvn/item/item_test_card.lua   function:kgm_ShowMenuSupport
20260612-004456	INFO	[Npc AddExp] MaJas_ServeR's exp[102000000000] reach MAX[100000000000] Reborn=2 CfgMax=100000000000.
20260612-004456	INFO	[Modify Exp] MaJas_ServeR add 2000000000 exp in 0 second in script:/script/ksgvn/item/item_test_card.lua   function:kgm_ShowMenuSupport
20260612-004456	INFO	[Npc AddExp] MaJas_ServeR's exp[102000000000] reach MAX[100000000000] Reborn=2 CfgMax=100000000000.
20260612-004456	INFO	[Modify Exp] MaJas_ServeR add 2000000000 exp in 0 second in script:/script/ksgvn/item/item_test_card.lua   function:kgm_ShowMenuSupport
20260612-004456	INFO	[Npc AddExp] MaJas_ServeR's exp[102000000000] reach MAX[100000000000] Reborn=2 CfgMax=100000000000.
20260612-004456	INFO	[Modify Exp] MaJas_ServeR add 2000000000 exp in 0 second in script:/script/ksgvn/item/item_test_card.lua   function:kgm_ShowMenuSupport
20260612-004456	INFO	[Npc AddExp] MaJas_ServeR's exp[102000000000] reach MAX[100000000000] Reborn=2 CfgMax=100000000000.
20260612-004456	INFO	[Modify Exp] MaJas_ServeR add 2000000000 exp in 0 second in script:/script/ksgvn/item/item_test_card.lua   function:kgm_ShowMenuSupport
20260612-004456	INFO	[Npc AddExp] MaJas_ServeR's exp[102000000000] reach MAX[100000000000] Reborn=2 CfgMax=100000000000.
20260612-004456	INFO	[Modify Exp] MaJas_ServeR add 2000000000 exp in 0 second in script:/script/ksgvn/item/item_test_card.lua   function:kgm_ShowMenuSupport
20260612-004456	INFO	[Npc AddExp] MaJas_ServeR's exp[102000000000] reach MAX[100000000000] Reborn=2 CfgMax=100000000000.
20260612-004456	INFO	[Modify Exp] MaJas_ServeR add 2000000000 exp in 0 second in script:/script/ksgvn/item/item_test_card.lua   function:kgm_ShowMenuSupport
20260612-004456	INFO	[Npc AddExp] MaJas_ServeR's exp[102000000000] reach MAX[100000000000] Reborn=2 CfgMax=100000000000.
20260612-004456	INFO	[Modify Exp] MaJas_ServeR add 2000000000 exp in 0 second in script:/script/ksgvn/item/item_test_card.lua   function:kgm_ShowMenuSupport
20260612-004456	INFO	[Npc AddExp] MaJas_ServeR's exp[102000000000] reach MAX[100000000000] Reborn=2 CfgMax=100000000000.
20260612-004456	INFO	[Modify Exp] MaJas_ServeR add 2000000000 exp in 0 second in script:/script/ksgvn/item/item_test_card.lua   function:kgm_ShowMenuSupport
20260612-004456	INFO	[Npc AddExp] MaJas_ServeR's exp[102000000000] reach MAX[100000000000] Reborn=2 CfgMax=100000000000.
20260612-004456	INFO	[Modify Exp] MaJas_ServeR add 2000000000 exp in 0 second in script:/script/ksgvn/item/item_test_card.lua   function:kgm_ShowMenuSupport
20260612-004456	INFO	[Npc AddExp] MaJas_ServeR's exp[102000000000] reach MAX[100000000000] Reborn=2 CfgMax=100000000000.
20260612-004456	INFO	[Modify Exp] MaJas_ServeR add 2000000000 exp in 0 second in script:/script/ksgvn/item/item_test_card.lua   function:kgm_ShowMenuSupport
20260612-004456	INFO	[Npc AddExp] MaJas_ServeR's exp[102000000000] reach MAX[100000000000] Reborn=2 CfgMax=100000000000.
20260612-004456	INFO	[Modify Exp] MaJas_ServeR add 2000000000 exp in 0 second in script:/script/ksgvn/item/item_test_card.lua   function:kgm_ShowMenuSupport
20260612-004456	INFO	[Npc AddExp] MaJas_ServeR's exp[102000000000] reach MAX[100000000000] Reborn=2 CfgMax=100000000000.
20260612-004456	INFO	[Modify Exp] MaJas_ServeR add 2000000000 exp in 0 second in script:/script/ksgvn/item/item_test_card.lua   function:kgm_ShowMenuSupport
20260612-004456	INFO	[Npc AddExp] MaJas_ServeR's exp[102000000000] reach MAX[100000000000] Reborn=2 CfgMax=100000000000.
20260612-004456	INFO	[Modify Exp] MaJas_ServeR add 2000000000 exp in 0 second in script:/script/ksgvn/item/item_test_card.lua   function:kgm_ShowMenuSupport
20260612-004456	INFO	[Npc AddExp] MaJas_ServeR's exp[102000000000] reach MAX[100000000000] Reborn=2 CfgMax=100000000000.
20260612-004456	INFO	[Modify Exp] MaJas_ServeR add 2000000000 exp in 0 second in script:/script/ksgvn/item/item_test_card.lua   function:kgm_ShowMenuSupport
20260612-004456	INFO	[Npc AddExp] MaJas_ServeR's exp[102000000000] reach MAX[100000000000] Reborn=2 CfgMax=100000000000.
20260612-004456	INFO	[Modify Exp] MaJas_ServeR add 2000000000 exp in 0 second in script:/script/ksgvn/item/item_test_card.lua   function:kgm_ShowMenuSupport
20260612-004456	INFO	[Npc AddExp] MaJas_ServeR's exp[102000000000] reach MAX[100000000000] Reborn=2 CfgMax=100000000000.
20260612-004456	INFO	[Modify Exp] MaJas_ServeR add 2000000000 exp in 0 second in script:/script/ksgvn/item/item_test_card.lua   function:kgm_ShowMenuSupport
20260612-004456	INFO	[Npc AddExp] MaJas_ServeR's exp[102000000000] reach MAX[100000000000] Reborn=2 CfgMax=100000000000.
20260612-004456	INFO	[Modify Exp] MaJas_ServeR add 2000000000 exp in 0 second in script:/script/ksgvn/item/item_test_card.lua   function:kgm_ShowMenuSupport
20260612-004456	INFO	[Npc AddExp] MaJas_ServeR's exp[102000000000] reach MAX[100000000000] Reborn=2 CfgMax=100000000000.
20260612-004456	INFO	[Modify Exp] MaJas_ServeR add 2000000000 exp in 0 second in script:/script/ksgvn/item/item_test_card.lua   function:kgm_ShowMenuSupport
20260612-004456	INFO	[Npc AddExp] MaJas_ServeR's exp[102000000000] reach MAX[100000000000] Reborn=2 CfgMax=100000000000.
20260612-004456	INFO	[Modify Exp] MaJas_ServeR add 2000000000 exp in 0 second in script:/script/ksgvn/item/item_test_card.lua   function:kgm_ShowMenuSupport
20260612-004456	INFO	[Npc AddExp] MaJas_ServeR's exp[102000000000] reach MAX[100000000000] Reborn=2 CfgMax=100000000000.
20260612-004456	INFO	[Modify Exp] MaJas_ServeR add 2000000000 exp in 0 second in script:/script/ksgvn/item/item_test_card.lua   function:kgm_ShowMenuSupport
20260612-004456	INFO	[Npc AddExp] MaJas_ServeR's exp[102000000000] reach MAX[100000000000] Reborn=2 CfgMax=100000000000.
20260612-004456	INFO	[Modify Exp] MaJas_ServeR add 2000000000 exp in 0 second in script:/script/ksgvn/item/item_test_card.lua   function:kgm_ShowMenuSupport
20260612-004456	INFO	[Npc AddExp] MaJas_ServeR's exp[102000000000] reach MAX[100000000000] Reborn=2 CfgMax=100000000000.
20260612-004456	INFO	[Modify Exp] MaJas_ServeR add 2000000000 exp in 0 second in script:/script/ksgvn/item/item_test_card.lua   function:kgm_ShowMenuSupport
20260612-004456	INFO	[Npc AddExp] MaJas_ServeR's exp[102000000000] reach MAX[100000000000] Reborn=2 CfgMax=100000000000.
20260612-004456	INFO	[Modify Exp] MaJas_ServeR add 2000000000 exp in 0 second in script:/script/ksgvn/item/item_test_card.lua   function:kgm_ShowMenuSupport
20260612-004456	INFO	[Npc AddExp] MaJas_ServeR's exp[102000000000] reach MAX[100000000000] Reborn=2 CfgMax=100000000000.
20260612-004456	INFO	[Modify Exp] MaJas_ServeR add 2000000000 exp in 0 second in script:/script/ksgvn/item/item_test_card.lua   function:kgm_ShowMenuSupport
20260612-004456	INFO	[Npc AddExp] MaJas_ServeR's exp[102000000000] reach MAX[100000000000] Reborn=2 CfgMax=100000000000.
20260612-004456	INFO	[Modify Exp] MaJas_ServeR add 2000000000 exp in 0 second in script:/script/ksgvn/item/item_test_card.lua   function:kgm_ShowMenuSupport
20260612-004456	INFO	[Npc AddExp] MaJas_ServeR's exp[102000000000] reach MAX[100000000000] Reborn=2 CfgMax=100000000000.
20260612-004456	INFO	[Modify Exp] MaJas_ServeR add 2000000000 exp in 0 second in script:/script/ksgvn/item/item_test_card.lua   function:kgm_ShowMenuSupport
20260612-004456	INFO	[Npc AddExp] MaJas_ServeR's exp[102000000000] reach MAX[100000000000] Reborn=2 CfgMax=100000000000.
20260612-004456	INFO	[Modify Exp] MaJas_ServeR add 2000000000 exp in 0 second in script:/script/ksgvn/item/item_test_card.lua   function:kgm_ShowMenuSupport
20260612-004456	INFO	[Npc AddExp] MaJas_ServeR's exp[102000000000] reach MAX[100000000000] Reborn=2 CfgMax=100000000000.
20260612-004456	INFO	[Modify Exp] MaJas_ServeR add 2000000000 exp in 0 second in script:/script/ksgvn/item/item_test_card.lua   function:kgm_ShowMenuSupport
20260612-004456	INFO	[Npc AddExp] MaJas_ServeR's exp[102000000000] reach MAX[100000000000] Reborn=2 CfgMax=100000000000.
20260612-004456	INFO	[Modify Exp] MaJas_ServeR add 2000000000 exp in 0 second in script:/script/ksgvn/item/item_test_card.lua   function:kgm_ShowMenuSupport
20260612-004456	INFO	[Npc AddExp] MaJas_ServeR's exp[102000000000] reach MAX[100000000000] Reborn=2 CfgMax=100000000000.
20260612-004456	INFO	[Modify Exp] MaJas_ServeR add 2000000000 exp in 0 second in script:/script/ksgvn/item/item_test_card.lua   function:kgm_ShowMenuSupport
20260612-004456	INFO	[Npc AddExp] MaJas_ServeR's exp[102000000000] reach MAX[100000000000] Reborn=2 CfgMax=100000000000.
20260612-004456	INFO	[Modify Exp] MaJas_ServeR add 2000000000 exp in 0 second in script:/script/ksgvn/item/item_test_card.lua   function:kgm_ShowMenuSupport
20260612-004456	INFO	[Npc AddExp] MaJas_ServeR's exp[102000000000] reach MAX[100000000000] Reborn=2 CfgMax=100000000000.
20260612-004630	INFO	[Modify Exp] MaJas_ServeR add 20000000 exp in 93 second in script:/script/item/item_billing/jiutianwujidan.lua   function:use_jiutianwuji_dan
20260612-004630	INFO	[Npc AddExp] MaJas_ServeR's exp[100020000000] reach MAX[100000000000] Reborn=2 CfgMax=100000000000.
20260612-005532	INFO	[Modify Exp] MaJas_ServeR add 2000000000 exp in 3222 second in script:/script/ksgvn/item/item_test_card.lua   function:kgm_ShowMenuSupport
20260612-005532	INFO	[Modify Exp] MaJas_ServeR add 2000000000 exp in 0 second in script:/script/ksgvn/item/item_test_card.lua   function:kgm_ShowMenuSupport
20260612-005532	INFO	[Modify Exp] MaJas_ServeR add 2000000000 exp in 0 second in script:/script/ksgvn/item/item_test_card.lua   function:kgm_ShowMenuSupport
20260612-005532	INFO	[Modify Exp] MaJas_ServeR add 2000000000 exp in 0 second in script:/script/ksgvn/item/item_test_card.lua   function:kgm_ShowMenuSupport
20260612-005532	INFO	[Modify Exp] MaJas_ServeR add 2000000000 exp in 0 second in script:/script/ksgvn/item/item_test_card.lua   function:kgm_ShowMenuSupport
20260612-005532	INFO	[Modify Exp] MaJas_ServeR add 2000000000 exp in 0 second in script:/script/ksgvn/item/item_test_card.lua   function:kgm_ShowMenuSupport
20260612-005532	INFO	[Modify Exp] MaJas_ServeR add 2000000000 exp in 0 second in script:/script/ksgvn/item/item_test_card.lua   function:kgm_ShowMenuSupport
20260612-005532	INFO	[Modify Exp] MaJas_ServeR add 2000000000 exp in 0 second in script:/script/ksgvn/item/item_test_card.lua   function:kgm_ShowMenuSupport
20260612-005532	INFO	[Modify Exp] MaJas_ServeR add 2000000000 exp in 0 second in script:/script/ksgvn/item/item_test_card.lua   function:kgm_ShowMenuSupport
20260612-005532	INFO	[Modify Exp] MaJas_ServeR add 2000000000 exp in 0 second in script:/script/ksgvn/item/item_test_card.lua   function:kgm_ShowMenuSupport
20260612-005532	INFO	[Modify Exp] MaJas_ServeR add 2000000000 exp in 0 second in script:/script/ksgvn/item/item_test_card.lua   function:kgm_ShowMenuSupport
20260612-005532	INFO	[Modify Exp] MaJas_ServeR add 2000000000 exp in 0 second in script:/script/ksgvn/item/item_test_card.lua   function:kgm_ShowMenuSupport
20260612-005532	INFO	[Modify Exp] MaJas_ServeR add 2000000000 exp in 0 second in script:/script/ksgvn/item/item_test_card.lua   function:kgm_ShowMenuSupport
20260612-005532	INFO	[Modify Exp] MaJas_ServeR add 2000000000 exp in 0 second in script:/script/ksgvn/item/item_test_card.lua   function:kgm_ShowMenuSupport
20260612-005532	INFO	[Modify Exp] MaJas_ServeR add 2000000000 exp in 0 second in script:/script/ksgvn/item/item_test_card.lua   function:kgm_ShowMenuSupport
20260612-005532	INFO	[Modify Exp] MaJas_ServeR add 2000000000 exp in 0 second in script:/script/ksgvn/item/item_test_card.lua   function:kgm_ShowMenuSupport
20260612-005532	INFO	[Modify Exp] MaJas_ServeR add 2000000000 exp in 0 second in script:/script/ksgvn/item/item_test_card.lua   function:kgm_ShowMenuSupport
20260612-005532	INFO	[Modify Exp] MaJas_ServeR add 2000000000 exp in 0 second in script:/script/ksgvn/item/item_test_card.lua   function:kgm_ShowMenuSupport
20260612-005532	INFO	[Modify Exp] MaJas_ServeR add 2000000000 exp in 0 second in script:/script/ksgvn/item/item_test_card.lua   function:kgm_ShowMenuSupport
20260612-005532	INFO	[Modify Exp] MaJas_ServeR add 2000000000 exp in 0 second in script:/script/ksgvn/item/item_test_card.lua   function:kgm_ShowMenuSupport
20260612-005532	INFO	[Modify Exp] MaJas_ServeR add 2000000000 exp in 0 second in script:/script/ksgvn/item/item_test_card.lua   function:kgm_ShowMenuSupport
20260612-005532	INFO	[Modify Exp] MaJas_ServeR add 2000000000 exp in 0 second in script:/script/ksgvn/item/item_test_card.lua   function:kgm_ShowMenuSupport
20260612-005532	INFO	[Modify Exp] MaJas_ServeR add 2000000000 exp in 0 second in script:/script/ksgvn/item/item_test_card.lua   function:kgm_ShowMenuSupport
20260612-005532	INFO	[Modify Exp] MaJas_ServeR add 2000000000 exp in 0 second in script:/script/ksgvn/item/item_test_card.lua   function:kgm_ShowMenuSupport
20260612-005532	INFO	[Modify Exp] MaJas_ServeR add 2000000000 exp in 0 second in script:/script/ksgvn/item/item_test_card.lua   function:kgm_ShowMenuSupport
20260612-005532	INFO	[Modify Exp] MaJas_ServeR add 2000000000 exp in 0 second in script:/script/ksgvn/item/item_test_card.lua   function:kgm_ShowMenuSupport
20260612-005532	INFO	[Modify Exp] MaJas_ServeR add 2000000000 exp in 0 second in script:/script/ksgvn/item/item_test_card.lua   function:kgm_ShowMenuSupport
20260612-005532	INFO	[Modify Exp] MaJas_ServeR add 2000000000 exp in 0 second in script:/script/ksgvn/item/item_test_card.lua   function:kgm_ShowMenuSupport
20260612-005532	INFO	[Modify Exp] MaJas_ServeR add 2000000000 exp in 0 second in script:/script/ksgvn/item/item_test_card.lua   function:kgm_ShowMenuSupport
20260612-005532	INFO	[Modify Exp] MaJas_ServeR add 2000000000 exp in 0 second in script:/script/ksgvn/item/item_test_card.lua   function:kgm_ShowMenuSupport
20260612-005532	INFO	[Modify Exp] MaJas_ServeR add 2000000000 exp in 0 second in script:/script/ksgvn/item/item_test_card.lua   function:kgm_ShowMenuSupport
20260612-005532	INFO	[Modify Exp] MaJas_ServeR add 2000000000 exp in 0 second in script:/script/ksgvn/item/item_test_card.lua   function:kgm_ShowMenuSupport
20260612-005532	INFO	[Modify Exp] MaJas_ServeR add 2000000000 exp in 0 second in script:/script/ksgvn/item/item_test_card.lua   function:kgm_ShowMenuSupport
20260612-005532	INFO	[Modify Exp] MaJas_ServeR add 2000000000 exp in 0 second in script:/script/ksgvn/item/item_test_card.lua   function:kgm_ShowMenuSupport
20260612-005532	INFO	[Modify Exp] MaJas_ServeR add 2000000000 exp in 0 second in script:/script/ksgvn/item/item_test_card.lua   function:kgm_ShowMenuSupport
20260612-005532	INFO	[Modify Exp] MaJas_ServeR add 2000000000 exp in 0 second in script:/script/ksgvn/item/item_test_card.lua   function:kgm_ShowMenuSupport
20260612-005532	INFO	[Modify Exp] MaJas_ServeR add 2000000000 exp in 0 second in script:/script/ksgvn/item/item_test_card.lua   function:kgm_ShowMenuSupport
20260612-005532	INFO	[Modify Exp] MaJas_ServeR add 2000000000 exp in 0 second in script:/script/ksgvn/item/item_test_card.lua   function:kgm_ShowMenuSupport
20260612-005532	INFO	[Modify Exp] MaJas_ServeR add 2000000000 exp in 0 second in script:/script/ksgvn/item/item_test_card.lua   function:kgm_ShowMenuSupport
20260612-005532	INFO	[Modify Exp] MaJas_ServeR add 2000000000 exp in 0 second in script:/script/ksgvn/item/item_test_card.lua   function:kgm_ShowMenuSupport
20260612-005532	INFO	[Modify Exp] MaJas_ServeR add 2000000000 exp in 0 second in script:/script/ksgvn/item/item_test_card.lua   function:kgm_ShowMenuSupport
20260612-005532	INFO	[Modify Exp] MaJas_ServeR add 2000000000 exp in 0 second in script:/script/ksgvn/item/item_test_card.lua   function:kgm_ShowMenuSupport
20260612-005532	INFO	[Modify Exp] MaJas_ServeR add 2000000000 exp in 0 second in script:/script/ksgvn/item/item_test_card.lua   function:kgm_ShowMenuSupport
20260612-005532	INFO	[Modify Exp] MaJas_ServeR add 2000000000 exp in 0 second in script:/script/ksgvn/item/item_test_card.lua   function:kgm_ShowMenuSupport
20260612-005532	INFO	[Modify Exp] MaJas_ServeR add 2000000000 exp in 0 second in script:/script/ksgvn/item/item_test_card.lua   function:kgm_ShowMenuSupport
20260612-005532	INFO	[Modify Exp] MaJas_ServeR add 2000000000 exp in 0 second in script:/script/ksgvn/item/item_test_card.lua   function:kgm_ShowMenuSupport
20260612-005532	INFO	[Modify Exp] MaJas_ServeR add 2000000000 exp in 0 second in script:/script/ksgvn/item/item_test_card.lua   function:kgm_ShowMenuSupport
20260612-005532	INFO	[Modify Exp] MaJas_ServeR add 2000000000 exp in 0 second in script:/script/ksgvn/item/item_test_card.lua   function:kgm_ShowMenuSupport
20260612-005532	INFO	[Modify Exp] MaJas_ServeR add 2000000000 exp in 0 second in script:/script/ksgvn/item/item_test_card.lua   function:kgm_ShowMenuSupport
20260612-005532	INFO	[Modify Exp] MaJas_ServeR add 2000000000 exp in 0 second in script:/script/ksgvn/item/item_test_card.lua   function:kgm_ShowMenuSupport
20260612-011635	INFO	[Modify Exp] ServeR_Anh add 20000000 exp in 4486 second in script:/script/item/item_billing/jiutianwujidan.lua   function:use_jiutianwuji_dan
20260612-011636	INFO	[Modify Exp] ServeR_Anh add 5000000 exp in 1 second in script:/script/ksgvn/item/item_tuiqua_volam.lua   function:
20260612-011639	INFO	[Modify Exp] ServeR_Anh add 5000000 exp in 2 second in script:/script/ksgvn/item/item_tuiqua_volam.lua   function:
20260612-011639	INFO	[Modify Exp] ServeR_Anh add 5000000 exp in 0 second in script:/script/ksgvn/item/item_tuiqua_volam.lua   function:
20260612-011639	INFO	[Modify Exp] ServeR_Anh add 5000000 exp in 0 second in script:/script/ksgvn/item/item_tuiqua_volam.lua   function:
20260612-011640	INFO	[Modify Exp] ServeR_Anh add 5000000 exp in 0 second in script:/script/ksgvn/item/item_tuiqua_volam.lua   function:
20260612-011642	INFO	[Modify Exp] ServeR_Anh add 5000000 exp in 2 second in script:/script/ksgvn/item/item_tuiqua_volam.lua   function:
20260612-011642	INFO	[Modify Exp] ServeR_Anh add 5000000 exp in 0 second in script:/script/ksgvn/item/item_tuiqua_volam.lua   function:
20260612-011643	INFO	[Modify Exp] ServeR_Anh add 5000000 exp in 0 second in script:/script/ksgvn/item/item_tuiqua_volam.lua   function:
20260612-011643	INFO	[Modify Exp] ServeR_Anh add 5000000 exp in 0 second in script:/script/ksgvn/item/item_tuiqua_volam.lua   function:
20260612-011643	INFO	[Modify Exp] ServeR_Anh add 5000000 exp in 0 second in script:/script/ksgvn/item/item_tuiqua_volam.lua   function:
20260612-012146	INFO	[Modify Exp] ServeR_Anh add 2000000000 exp in 303 second in script:/script/ksgvn/item/item_test_card.lua   function:kgm_ShowMenuSupport
20260612-012146	INFO	[Modify Exp] ServeR_Anh add 2000000000 exp in 0 second in script:/script/ksgvn/item/item_test_card.lua   function:kgm_ShowMenuSupport
20260612-012146	INFO	[Modify Exp] ServeR_Anh add 2000000000 exp in 0 second in script:/script/ksgvn/item/item_test_card.lua   function:kgm_ShowMenuSupport
20260612-012146	INFO	[Modify Exp] ServeR_Anh add 2000000000 exp in 0 second in script:/script/ksgvn/item/item_test_card.lua   function:kgm_ShowMenuSupport
20260612-012146	INFO	[Modify Exp] ServeR_Anh add 2000000000 exp in 0 second in script:/script/ksgvn/item/item_test_card.lua   function:kgm_ShowMenuSupport
20260612-012146	INFO	[Modify Exp] ServeR_Anh add 2000000000 exp in 0 second in script:/script/ksgvn/item/item_test_card.lua   function:kgm_ShowMenuSupport
20260612-012146	INFO	[Modify Exp] ServeR_Anh add 2000000000 exp in 0 second in script:/script/ksgvn/item/item_test_card.lua   function:kgm_ShowMenuSupport
20260612-012146	INFO	[Modify Exp] ServeR_Anh add 2000000000 exp in 0 second in script:/script/ksgvn/item/item_test_card.lua   function:kgm_ShowMenuSupport
20260612-012146	INFO	[Modify Exp] ServeR_Anh add 2000000000 exp in 0 second in script:/script/ksgvn/item/item_test_card.lua   function:kgm_ShowMenuSupport
20260612-012146	INFO	[Modify Exp] ServeR_Anh add 2000000000 exp in 0 second in script:/script/ksgvn/item/item_test_card.lua   function:kgm_ShowMenuSupport
20260612-012146	INFO	[Modify Exp] ServeR_Anh add 2000000000 exp in 0 second in script:/script/ksgvn/item/item_test_card.lua   function:kgm_ShowMenuSupport
20260612-012146	INFO	[Modify Exp] ServeR_Anh add 2000000000 exp in 0 second in script:/script/ksgvn/item/item_test_card.lua   function:kgm_ShowMenuSupport
20260612-012146	INFO	[Modify Exp] ServeR_Anh add 2000000000 exp in 0 second in script:/script/ksgvn/item/item_test_card.lua   function:kgm_ShowMenuSupport
20260612-012146	INFO	[Modify Exp] ServeR_Anh add 2000000000 exp in 0 second in script:/script/ksgvn/item/item_test_card.lua   function:kgm_ShowMenuSupport
20260612-012146	INFO	[Modify Exp] ServeR_Anh add 2000000000 exp in 0 second in script:/script/ksgvn/item/item_test_card.lua   function:kgm_ShowMenuSupport
20260612-012146	INFO	[Modify Exp] ServeR_Anh add 2000000000 exp in 0 second in script:/script/ksgvn/item/item_test_card.lua   function:kgm_ShowMenuSupport
20260612-012146	INFO	[Modify Exp] ServeR_Anh add 2000000000 exp in 0 second in script:/script/ksgvn/item/item_test_card.lua   function:kgm_ShowMenuSupport
20260612-012146	INFO	[Modify Exp] ServeR_Anh add 2000000000 exp in 0 second in script:/script/ksgvn/item/item_test_card.lua   function:kgm_ShowMenuSupport
20260612-012146	INFO	[Modify Exp] ServeR_Anh add 2000000000 exp in 0 second in script:/script/ksgvn/item/item_test_card.lua   function:kgm_ShowMenuSupport
20260612-012146	INFO	[Modify Exp] ServeR_Anh add 2000000000 exp in 0 second in script:/script/ksgvn/item/item_test_card.lua   function:kgm_ShowMenuSupport
20260612-012146	INFO	[Modify Exp] ServeR_Anh add 2000000000 exp in 0 second in script:/script/ksgvn/item/item_test_card.lua   function:kgm_ShowMenuSupport
20260612-012146	INFO	[Modify Exp] ServeR_Anh add 2000000000 exp in 0 second in script:/script/ksgvn/item/item_test_card.lua   function:kgm_ShowMenuSupport
20260612-012146	INFO	[Modify Exp] ServeR_Anh add 2000000000 exp in 0 second in script:/script/ksgvn/item/item_test_card.lua   function:kgm_ShowMenuSupport
20260612-012146	INFO	[Modify Exp] ServeR_Anh add 2000000000 exp in 0 second in script:/script/ksgvn/item/item_test_card.lua   function:kgm_ShowMenuSupport
20260612-012146	INFO	[Modify Exp] ServeR_Anh add 2000000000 exp in 0 second in script:/script/ksgvn/item/item_test_card.lua   function:kgm_ShowMenuSupport
20260612-012146	INFO	[Modify Exp] ServeR_Anh add 2000000000 exp in 0 second in script:/script/ksgvn/item/item_test_card.lua   function:kgm_ShowMenuSupport
20260612-012146	INFO	[Modify Exp] ServeR_Anh add 2000000000 exp in 0 second in script:/script/ksgvn/item/item_test_card.lua   function:kgm_ShowMenuSupport
20260612-012146	INFO	[Modify Exp] ServeR_Anh add 2000000000 exp in 0 second in script:/script/ksgvn/item/item_test_card.lua   function:kgm_ShowMenuSupport
20260612-012146	INFO	[Modify Exp] ServeR_Anh add 2000000000 exp in 0 second in script:/script/ksgvn/item/item_test_card.lua   function:kgm_ShowMenuSupport
20260612-012146	INFO	[Modify Exp] ServeR_Anh add 2000000000 exp in 0 second in script:/script/ksgvn/item/item_test_card.lua   function:kgm_ShowMenuSupport
20260612-012146	INFO	[Modify Exp] ServeR_Anh add 2000000000 exp in 0 second in script:/script/ksgvn/item/item_test_card.lua   function:kgm_ShowMenuSupport
20260612-012146	INFO	[Modify Exp] ServeR_Anh add 2000000000 exp in 0 second in script:/script/ksgvn/item/item_test_card.lua   function:kgm_ShowMenuSupport
20260612-012146	INFO	[Modify Exp] ServeR_Anh add 2000000000 exp in 0 second in script:/script/ksgvn/item/item_test_card.lua   function:kgm_ShowMenuSupport
20260612-012146	INFO	[Modify Exp] ServeR_Anh add 2000000000 exp in 0 second in script:/script/ksgvn/item/item_test_card.lua   function:kgm_ShowMenuSupport
20260612-012146	INFO	[Modify Exp] ServeR_Anh add 2000000000 exp in 0 second in script:/script/ksgvn/item/item_test_card.lua   function:kgm_ShowMenuSupport
20260612-012146	INFO	[Modify Exp] ServeR_Anh add 2000000000 exp in 0 second in script:/script/ksgvn/item/item_test_card.lua   function:kgm_ShowMenuSupport
20260612-012146	INFO	[Modify Exp] ServeR_Anh add 2000000000 exp in 0 second in script:/script/ksgvn/item/item_test_card.lua   function:kgm_ShowMenuSupport
20260612-012146	INFO	[Modify Exp] ServeR_Anh add 2000000000 exp in 0 second in script:/script/ksgvn/item/item_test_card.lua   function:kgm_ShowMenuSupport
20260612-012146	INFO	[Modify Exp] ServeR_Anh add 2000000000 exp in 0 second in script:/script/ksgvn/item/item_test_card.lua   function:kgm_ShowMenuSupport
20260612-012146	INFO	[Modify Exp] ServeR_Anh add 2000000000 exp in 0 second in script:/script/ksgvn/item/item_test_card.lua   function:kgm_ShowMenuSupport
20260612-012146	INFO	[Modify Exp] ServeR_Anh add 2000000000 exp in 0 second in script:/script/ksgvn/item/item_test_card.lua   function:kgm_ShowMenuSupport
20260612-012146	INFO	[Modify Exp] ServeR_Anh add 2000000000 exp in 0 second in script:/script/ksgvn/item/item_test_card.lua   function:kgm_ShowMenuSupport
20260612-012146	INFO	[Modify Exp] ServeR_Anh add 2000000000 exp in 0 second in script:/script/ksgvn/item/item_test_card.lua   function:kgm_ShowMenuSupport
20260612-012146	INFO	[Modify Exp] ServeR_Anh add 2000000000 exp in 0 second in script:/script/ksgvn/item/item_test_card.lua   function:kgm_ShowMenuSupport
20260612-012146	INFO	[Modify Exp] ServeR_Anh add 2000000000 exp in 0 second in script:/script/ksgvn/item/item_test_card.lua   function:kgm_ShowMenuSupport
20260612-012146	INFO	[Modify Exp] ServeR_Anh add 2000000000 exp in 0 second in script:/script/ksgvn/item/item_test_card.lua   function:kgm_ShowMenuSupport
20260612-012146	INFO	[Modify Exp] ServeR_Anh add 2000000000 exp in 0 second in script:/script/ksgvn/item/item_test_card.lua   function:kgm_ShowMenuSupport
20260612-012146	INFO	[Modify Exp] ServeR_Anh add 2000000000 exp in 0 second in script:/script/ksgvn/item/item_test_card.lua   function:kgm_ShowMenuSupport
20260612-012146	INFO	[Modify Exp] ServeR_Anh add 2000000000 exp in 0 second in script:/script/ksgvn/item/item_test_card.lua   function:kgm_ShowMenuSupport
