20260612-000839	INFO	[L­u tr÷ trang søc treo h«ng] [Tµi kho¶n : thuong] [Nh©n vËt: SdachSM][B¸n][312][Tiªu hao ®iÓm l­u tr÷:9000][SellType:4]
20260612-000839	INFO	[L­u tr÷ trang søc treo h«ng] [Tµi kho¶n : thuong] [Nh©n vËt: SdachSM][B¸n][312][SetData:1]
20260612-000839	INFO	[L­u tr÷ trang søc treo h«ng] [Tµi kho¶n : thuong] [Nh©n vËt: SdachSM][B¸n][313][Tiªu hao ®iÓm l­u tr÷:9000][SellType:4]
20260612-000839	INFO	[L­u tr÷ trang søc treo h«ng] [Tµi kho¶n : thuong] [Nh©n vËt: SdachSM][B¸n][313][SetData:1]
20260612-000839	INFO	[L­u tr÷ trang søc treo h«ng] [Tµi kho¶n : thuong] [Nh©n vËt: SdachSM][B¸n][314][Tiªu hao ®iÓm l­u tr÷:9000][SellType:4]
20260612-000839	INFO	[L­u tr÷ trang søc treo h«ng] [Tµi kho¶n : thuong] [Nh©n vËt: SdachSM][B¸n][314][SetData:1]
20260612-001152	INFO	[§Æt vËt phÈm vµo r­¬ng][Account: thuong][Role: SdachSM][ItemName: Tñ ¸o Thiªn BiÕn TiÕu][Price: 0][G:2 D:1 P:30494 Randseed:677227088 GenTime:2026-06-12 00:05:22 Sock:0 0 0 SockLevel:1 1 1 Series:0 Curdur:1 enhance:0][Map: TuyÒn Ch©u(189, 179)]
20260612-001911	INFO	[SkillApp] [Tµi kho¶n : thuong] [Nh©n vËt: SdachSM][ModifyCount][Level:1][Modify:83886470][Relatively:0][0->99999]
20260612-001911	INFO	[SkillApp] [Tµi kho¶n : thuong] [Nh©n vËt: SdachSM][ModifyCount][Level:2][Modify:119553][Relatively:0][0->99999]
20260612-001911	INFO	[SkillApp] [Tµi kho¶n : thuong] [Nh©n vËt: SdachSM][ModifyCount][Level:1][Modify:0][Relatively:0][99999->0]
20260612-001911	INFO	[SkillApp] [Tµi kho¶n : thuong] [Nh©n vËt: SdachSM][ModifyCount][Level:2][Modify:0][Relatively:0][99999->0]
20260612-001911	ERR!	[playerattr abnormal][Account: thuong][RoleName: SdachSM][Level: 90][Attr: 1,1,1,1,1 - 993 (734)][Task: 0]
20260612-003141	INFO	[SkillApp] [Tµi kho¶n : thuong] [Nh©n vËt: SdachSM][ModifyCount][Level:1][Modify:83887251][Relatively:0][0->99999]
20260612-003141	INFO	[SkillApp] [Tµi kho¶n : thuong] [Nh©n vËt: SdachSM][ModifyCount][Level:2][Modify:119553][Relatively:0][0->99999]
20260612-003141	INFO	[SkillApp] [Tµi kho¶n : thuong] [Nh©n vËt: SdachSM][ModifyCount][Level:1][Modify:0][Relatively:0][99999->0]
20260612-003141	INFO	[SkillApp] [Tµi kho¶n : thuong] [Nh©n vËt: SdachSM][ModifyCount][Level:2][Modify:0][Relatively:0][99999->0]
20260612-003141	ERR!	[playerattr abnormal][Account: thuong][RoleName: SdachSM][Level: 90][Attr: 1,1,1,1,1 - 0 (835)][Task: 0]
20260612-004645	INFO	[§Æt vËt phÈm vµo r­¬ng][Account: rage01][Role: MaJas_ServeR][ItemName: ¦ng tö Ên][Price: 0][G:2 D:0 P:30006 Randseed:-1738133898 GenTime:2026-06-12 00:44:23 Sock:16383 0 0 SockLevel:1 0 0 Series:0 Curdur:1 enhance:0][Map: Thµnh §«(211, 216)]
20260612-004720	INFO	[SkillApp] [Tµi kho¶n : rage01] [Nh©n vËt: MaJas_ServeR][ModifyCount][Level:1][Modify:83886080][Relatively:0][0->99999]
20260612-004720	INFO	[SkillApp] [Tµi kho¶n : rage01] [Nh©n vËt: MaJas_ServeR][ModifyCount][Level:2][Modify:119553][Relatively:0][0->99999]
20260612-004720	INFO	[SkillApp] [Tµi kho¶n : rage01] [Nh©n vËt: MaJas_ServeR][ModifyCount][Level:1][Modify:0][Relatively:0][99999->0]
20260612-004720	INFO	[SkillApp] [Tµi kho¶n : rage01] [Nh©n vËt: MaJas_ServeR][ModifyCount][Level:2][Modify:0][Relatively:0][99999->0]
20260612-004720	ERR!	[playerattr abnormal][Account: rage01][RoleName: MaJas_ServeR][Level: 90][Attr: 1,1,1,1,1 - 993 (734)][Task: 0]
20260612-005352	INFO	[L­u tr÷ ngo¹i trang] [Tµi kho¶n : rage02] [Nh©n vËt: ServeR_Anh][B¸n][271][Tiªu hao ®iÓm l­u tr÷:1][SellType:4]
20260612-005352	INFO	[L­u tr÷ ngo¹i trang] [Tµi kho¶n : rage02] [Nh©n vËt: ServeR_Anh][B¸n][271][SetData:1]
20260612-005352	INFO	[L­u tr÷ ngo¹i trang] [Tµi kho¶n : rage02] [Nh©n vËt: ServeR_Anh][B¸n][270][Tiªu hao ®iÓm l­u tr÷:1][SellType:4]
20260612-005352	INFO	[L­u tr÷ ngo¹i trang] [Tµi kho¶n : rage02] [Nh©n vËt: ServeR_Anh][B¸n][270][SetData:1]
20260612-005352	INFO	[L­u tr÷ ngo¹i trang] [Tµi kho¶n : rage02] [Nh©n vËt: ServeR_Anh][B¸n][269][Tiªu hao ®iÓm l­u tr÷:1][SellType:4]
20260612-005352	INFO	[L­u tr÷ ngo¹i trang] [Tµi kho¶n : rage02] [Nh©n vËt: ServeR_Anh][B¸n][269][SetData:1]
20260612-005804	INFO	[L­u tr÷ ngo¹i trang] [Tµi kho¶n : rage01] [Nh©n vËt: MaJas_ServeR][B¸n][252][Tiªu hao ®iÓm l­u tr÷:1][SellType:4]
20260612-005804	INFO	[L­u tr÷ ngo¹i trang] [Tµi kho¶n : rage01] [Nh©n vËt: MaJas_ServeR][B¸n][252][SetData:1]
20260612-005804	INFO	[L­u tr÷ ngo¹i trang] [Tµi kho¶n : rage01] [Nh©n vËt: MaJas_ServeR][B¸n][251][Tiªu hao ®iÓm l­u tr÷:1][SellType:4]
20260612-005804	INFO	[L­u tr÷ ngo¹i trang] [Tµi kho¶n : rage01] [Nh©n vËt: MaJas_ServeR][B¸n][251][SetData:1]
20260612-005804	INFO	[L­u tr÷ ngo¹i trang] [Tµi kho¶n : rage01] [Nh©n vËt: MaJas_ServeR][B¸n][253][Tiªu hao ®iÓm l­u tr÷:1][SellType:4]
20260612-005804	INFO	[L­u tr÷ ngo¹i trang] [Tµi kho¶n : rage01] [Nh©n vËt: MaJas_ServeR][B¸n][253][SetData:1]
20260612-005943	INFO	[L­u tr÷ trang søc treo h«ng] [Tµi kho¶n : rage01] [Nh©n vËt: MaJas_ServeR][B¸n][87][Tiªu hao ®iÓm l­u tr÷:9000][SellType:4]
20260612-005943	INFO	[L­u tr÷ trang søc treo h«ng] [Tµi kho¶n : rage01] [Nh©n vËt: MaJas_ServeR][B¸n][87][SetData:1]
20260612-005943	INFO	[L­u tr÷ trang søc treo h«ng] [Tµi kho¶n : rage01] [Nh©n vËt: MaJas_ServeR][B¸n][86][Tiªu hao ®iÓm l­u tr÷:9000][SellType:4]
20260612-005943	INFO	[L­u tr÷ trang søc treo h«ng] [Tµi kho¶n : rage01] [Nh©n vËt: MaJas_ServeR][B¸n][86][SetData:1]
20260612-005943	INFO	[L­u tr÷ trang søc treo h«ng] [Tµi kho¶n : rage01] [Nh©n vËt: MaJas_ServeR][B¸n][85][Tiªu hao ®iÓm l­u tr÷:9000][SellType:4]
20260612-005943	INFO	[L­u tr÷ trang søc treo h«ng] [Tµi kho¶n : rage01] [Nh©n vËt: MaJas_ServeR][B¸n][85][SetData:1]
20260612-010149	INFO	[§Æt vËt phÈm vµo r­¬ng][Account: rage01][Role: MaJas_ServeR][ItemName: Tñ ¸o Thiªn BiÕn TiÕu][Price: 0][G:2 D:1 P:30494 Randseed:-786167639 GenTime:2026-06-12 00:57:07 Sock:0 0 0 SockLevel:1 1 1 Series:0 Curdur:1 enhance:0][Map: BiÖn Kinh(159, 172)]
20260612-011658	INFO	[§Æt vËt phÈm vµo r­¬ng][Account: rage02][Role: ServeR_Anh][ItemName: R­¬ng YÕu QuyÕt_S¬][Price: 0][G:2 D:1 P:50005 Randseed:2010045530 GenTime:2026-06-12 00:53:17 Sock:3 0 0 SockLevel:1 0 0 Series:0 Curdur:1 enhance:0][Map: BiÖn Kinh(159, 172)]
20260612-011658	INFO	[§Æt vËt phÈm vµo r­¬ng][Account: rage02][Role: ServeR_Anh][ItemName: R­¬ng YÕu QuyÕt_S¬][Price: 0][G:2 D:1 P:50005 Randseed:1163327208 GenTime:2026-06-12 00:49:32 Sock:16383 0 0 SockLevel:1 0 0 Series:0 Curdur:1 enhance:0][Map: BiÖn Kinh(159, 173)]
20260612-011700	INFO	[§Æt vËt phÈm vµo r­¬ng][Account: rage02][Role: ServeR_Anh][ItemName: §«n Hoµng HuyÒn ThiÕt][Price: 0][G:2 D:1 P:31118 Randseed:863297791 GenTime:2026-06-12 01:16:36 Sock:9 16383 0 SockLevel:1 1 0 Series:0 Curdur:1 enhance:0][Map: BiÖn Kinh(159, 173)]
20260612-014432	INFO	[LÊy vËt phÈm tõ r­¬ng][Account: rage01][Role: MaJas_ServeR][ItemName: Tñ ¸o Thiªn BiÕn TiÕu][Price: 0][G:2 D:1 P:30494 Randseed:-786167639 GenTime:2026-06-12 00:57:07 Sock:0 0 0 SockLevel:1 1 1 Series:0 Curdur:1 enhance:0][Map: BiÖn Kinh(159, 173)]
20260612-014438	INFO	[L­u tr÷ ngo¹i trang] [Tµi kho¶n : rage01] [Nh©n vËt: MaJas_ServeR][TÆng quµ][253][l­îng tiÒn tiªu hao:100000]
20260612-014540	INFO	[§Æt vËt phÈm vµo r­¬ng][Account: rage01][Role: MaJas_ServeR][ItemName: Tñ ¸o Thiªn BiÕn TiÕu][Price: 0][G:2 D:1 P:30494 Randseed:-786167639 GenTime:2026-06-12 00:57:07 Sock:0 0 0 SockLevel:1 1 1 Series:0 Curdur:1 enhance:0][Map: BiÖn Kinh(159, 172)]
20260612-014541	INFO	[§Æt vËt phÈm vµo r­¬ng][Account: rage01][Role: MaJas_ServeR][ItemName: Bét Tr©n Ch©u][Price: 0][G:2 D:102 P:215 Randseed:825103186 GenTime:2026-06-12 01:38:26 Sock:0 0 0 SockLevel:1 1 1 Series:0 Curdur:5000 enhance:0][Map: BiÖn Kinh(159, 172)]
20260612-015519	INFO	[N©ng cÊp trang bŞ mÊt nguyªn liÖu] [Tµi kho¶n : rage01] [Nh©n vËt: MaJas_ServeR][Tªn vËt phÈm: Thiªn Th¹ch linh th¹ch][Sè l­îng tiªu hao: 1]
20260612-015524	INFO	[N©ng cÊp trang bŞ mÊt nguyªn liÖu] [Tµi kho¶n : rage01] [Nh©n vËt: MaJas_ServeR][Tªn vËt phÈm: Thiªn Th¹ch linh th¹ch][Sè l­îng tiªu hao: 1]
20260612-015530	INFO	[N©ng cÊp trang bŞ mÊt nguyªn liÖu] [Tµi kho¶n : rage01] [Nh©n vËt: MaJas_ServeR][Tªn vËt phÈm: Thiªn Th¹ch linh th¹ch][Sè l­îng tiªu hao: 1]
20260612-015536	INFO	[N©ng cÊp trang bŞ mÊt nguyªn liÖu] [Tµi kho¶n : rage01] [Nh©n vËt: MaJas_ServeR][Tªn vËt phÈm: Thiªn Th¹ch linh th¹ch][Sè l­îng tiªu hao: 1]
20260612-015549	INFO	[Nguyªn liÖu mÊt khi N©ng cÊp trang bŞ] [Tµi kho¶n : rage01] [Nh©n vËt: MaJas_ServeR][Tªn vËt phÈm: §¹i §Şnh Hån ][Sè l­îng tiªu hao: 1]
20260612-015554	INFO	[Nguyªn liÖu mÊt khi N©ng cÊp trang bŞ] [Tµi kho¶n : rage01] [Nh©n vËt: MaJas_ServeR][Tªn vËt phÈm: §¹i §Şnh Hån ][Sè l­îng tiªu hao: 1]
20260612-015559	INFO	[Nguyªn liÖu mÊt khi N©ng cÊp trang bŞ] [Tµi kho¶n : rage01] [Nh©n vËt: MaJas_ServeR][Tªn vËt phÈm: §¹i §Şnh Hån ][Sè l­îng tiªu hao: 1]
20260612-015605	INFO	[Nguyªn liÖu mÊt khi N©ng cÊp trang bŞ] [Tµi kho¶n : rage01] [Nh©n vËt: MaJas_ServeR][Tªn vËt phÈm: §¹i §Şnh Hån ][Sè l­îng tiªu hao: 1]
20260612-015618	INFO	[Nguyªn liÖu mÊt khi N©ng cÊp trang bŞ] [Tµi kho¶n : rage01] [Nh©n vËt: MaJas_ServeR][Tªn vËt phÈm: §Şnh Hån Thiªn Th¹ch ThÇn Th¹ch][Sè l­îng tiªu hao: 1]
20260612-015623	INFO	[Nguyªn liÖu mÊt khi N©ng cÊp trang bŞ] [Tµi kho¶n : rage01] [Nh©n vËt: MaJas_ServeR][Tªn vËt phÈm: §Şnh Hån Thiªn Th¹ch ThÇn Th¹ch][Sè l­îng tiªu hao: 1]
20260612-015628	INFO	[Nguyªn liÖu mÊt khi N©ng cÊp trang bŞ] [Tµi kho¶n : rage01] [Nh©n vËt: MaJas_ServeR][Tªn vËt phÈm: §Şnh Hån Thiªn Th¹ch ThÇn Th¹ch][Sè l­îng tiªu hao: 1]
20260612-015633	INFO	[Nguyªn liÖu mÊt khi N©ng cÊp trang bŞ] [Tµi kho¶n : rage01] [Nh©n vËt: MaJas_ServeR][Tªn vËt phÈm: §Şnh Hån Thiªn Th¹ch ThÇn Th¹ch][Sè l­îng tiªu hao: 1]
20260612-015643	INFO	[§Æt vËt phÈm vµo r­¬ng][Account: rage01][Role: MaJas_ServeR][ItemName: MÆt N¹ Ph¸ Hån][Price: 40000][G:0 D:103 P:32347 Randseed:-1812119247 GenTime:2026-06-12 01:47:55 Sock:0 0 0 SockLevel:0 0 0 Series:0 Curdur:360 enhance:7][Map: T­¬ng D­¬ng(170, 179)]
20260612-015644	INFO	[§Æt vËt phÈm vµo r­¬ng][Account: rage01][Role: MaJas_ServeR][ItemName: A¸o Ph¸ Hån][Price: 40000][G:0 D:100 P:32347 Randseed:-1024806202 GenTime:2026-06-12 01:50:32 Sock:0 0 0 SockLevel:0 0 0 Series:0 Curdur:360 enhance:7][Map: T­¬ng D­¬ng(170, 179)]
20260612-015645	INFO	[§Æt vËt phÈm vµo r­¬ng][Account: rage01][Role: MaJas_ServeR][ItemName: QuÇn Ph¸ Hån][Price: 40000][G:0 D:101 P:32347 Randseed:91668470 GenTime:2026-06-12 01:52:03 Sock:0 0 0 SockLevel:0 0 0 Series:0 Curdur:360 enhance:7][Map: T­¬ng D­¬ng(170, 179)]
20260612-015646	INFO	[§Æt vËt phÈm vµo r­¬ng][Account: rage01][Role: MaJas_ServeR][ItemName: Ph¸ Hån NghŞch Phong Cù][Price: 18000][G:0 D:0 P:15302 Randseed:1915294044 GenTime:2026-06-12 01:51:43 Sock:0 0 0 SockLevel:0 0 0 Series:0 Curdur:300 enhance:7][Map: T­¬ng D­¬ng(170, 179)]
20260612-015648	INFO	[§Æt vËt phÈm vµo r­¬ng][Account: rage01][Role: MaJas_ServeR][ItemName: NhÉn Ph¸ Hån][Price: 50000][G:0 D:102 P:32160 Randseed:991202320 GenTime:2026-06-12 01:49:09 Sock:0 0 0 SockLevel:0 0 0 Series:0 Curdur:100 enhance:0][Map: T­¬ng D­¬ng(170, 179)]
20260612-015649	INFO	[§Æt vËt phÈm vµo r­¬ng][Account: rage01][Role: MaJas_ServeR][ItemName: D©y §eo NhiÕp T©m][Price: 50000][G:0 D:102 P:32161 Randseed:-35510324 GenTime:2026-06-12 01:49:44 Sock:0 0 0 SockLevel:0 0 0 Series:0 Curdur:100 enhance:0][Map: T­¬ng D­¬ng(170, 179)]
20260612-021700	INFO	[Mµi trang bŞ cÇn tiªu hao nguyªn liÖu ] [Tµi kho¶n : rage01] [Nh©n vËt: MaJas_ServeR][Tªn vËt phÈm: Ma §ao Th¹ch cÊp 3][Sè l­îng tiªu hao: 5]
20260612-021700	INFO	[Mµi trang bŞ cÇn tiªu hao vµng] [Tµi kho¶n : rage01] [Nh©n vËt: MaJas_ServeR][16 G]
20260612-021706	INFO	[Mµi trang bŞ cÇn tiªu hao nguyªn liÖu ] [Tµi kho¶n : rage01] [Nh©n vËt: MaJas_ServeR][Tªn vËt phÈm: Ma §ao Th¹ch cÊp 3][Sè l­îng tiªu hao: 5]
20260612-021706	INFO	[Mµi trang bŞ cÇn tiªu hao vµng] [Tµi kho¶n : rage01] [Nh©n vËt: MaJas_ServeR][16 G]
20260612-021711	INFO	[Mµi trang bŞ cÇn tiªu hao nguyªn liÖu ] [Tµi kho¶n : rage01] [Nh©n vËt: MaJas_ServeR][Tªn vËt phÈm: Ma §ao Th¹ch cÊp 3][Sè l­îng tiªu hao: 5]
