[2026-06-12 00:13:44]	Thiªn Chi Tµng KiÕm Tö Kim M·o - Nam Tiªu ChuÈn	0,103,30001	200	1486109959	SdachSM	thuong
[2026-06-12 00:13:44]	Thiªn Chi Tµng KiÕm Kim Lò Th­êng - Nam Tiªu ChuÈn	0,100,30001	250	3542194900	SdachSM	thuong
[2026-06-12 00:13:44]	Thiªn Chi Tµng KiÕm ¤ Kim Trang - Nam Tiªu ChuÈn	0,101,30001	200	3233584997	SdachSM	thuong
[2026-06-12 00:13:44]	Thiªn Chi Tµng KiÕm B¶o Ch©u - Nam Tiªu ChuÈn	0,102,30001	100	1890926858	SdachSM	thuong
[2026-06-12 00:13:44]	Thiªn Chi Tµng KiÕm Kú Th¹ch - Nam Tiªu ChuÈn	0,102,30002	100	6688851	SdachSM	thuong
[2026-06-12 00:13:44]	Thiªn Chi Tµng KiÕm Kim Ên - Nam Tiªu ChuÈn	0,102,30003	100	659289839	SdachSM	thuong
[2026-06-12 00:13:48]	Viªm §Õ Kh«i - Nam Tiªu ChuÈn	0,103,8001	200	3862010577	SdachSM	thuong
[2026-06-12 00:13:48]	Viªm §Õ Gi¸p - Nam Tiªu ChuÈn	0,100,8001	250	1930720742	SdachSM	thuong
[2026-06-12 00:13:48]	Viªm §Õ Trang - Nam Tiªu ChuÈn	0,101,8001	200	2356451167	SdachSM	thuong
[2026-06-12 00:13:54]	Thiªn Chi Viªm §Õ Kh«i - Nam Tiªu ChuÈn	0,103,8055	200	37388994	SdachSM	thuong
[2026-06-12 00:13:54]	Thiªn Chi Viªm §Õ Gi¸p - Nam Tiªu ChuÈn	0,100,8055	250	11327083	SdachSM	thuong
[2026-06-12 00:13:54]	Thiªn Chi Viªm §Õ Trang - Nam Tiªu ChuÈn	0,101,8055	200	2719280904	SdachSM	thuong
[2026-06-12 02:21:34]	Thiªn Chi Viªm §Õ Kh«i - Nam Tiªu ChuÈn	0,103,8055	200	663208496	MaJas_ServeR	rage01
[2026-06-12 02:21:34]	Thiªn Chi Viªm §Õ Gi¸p - Nam Tiªu ChuÈn	0,100,8055	250	2735170289	MaJas_ServeR	rage01
[2026-06-12 02:21:34]	Thiªn Chi Viªm §Õ Trang - Nam Tiªu ChuÈn	0,101,8055	200	833788038	MaJas_ServeR	rage01
[2026-06-12 02:21:59]	Viªm §Õ Kh«i - Nam Tiªu ChuÈn	0,103,8001	200	27936207	MaJas_ServeR	rage01
[2026-06-12 02:21:59]	Viªm §Õ Gi¸p - Nam Tiªu ChuÈn	0,100,8001	250	3200012604	MaJas_ServeR	rage01
[2026-06-12 02:21:59]	Viªm §Õ Trang - Nam Tiªu ChuÈn	0,101,8001	200	1354621933	MaJas_ServeR	rage01
[2026-06-12 02:22:34]	Thiªn Chi Viªm §Õ Kh«i - Nam Tiªu ChuÈn	0,103,8055	200	663139213	MaJas_ServeR	rage01
[2026-06-12 02:22:34]	Thiªn Chi Viªm §Õ Gi¸p - Nam Tiªu ChuÈn	0,100,8055	250	3650549330	MaJas_ServeR	rage01
[2026-06-12 02:22:34]	Thiªn Chi Viªm §Õ Trang - Nam Tiªu ChuÈn	0,101,8055	200	1114492219	MaJas_ServeR	rage01
[2026-06-12 02:22:40]	Thiªn Chi Tµng KiÕm Tö Kim M·o - Nam Tiªu ChuÈn	0,103,30001	200	1386645650	MaJas_ServeR	rage01
[2026-06-12 02:22:40]	Thiªn Chi Tµng KiÕm Kim Lò Th­êng - Nam Tiªu ChuÈn	0,100,30001	250	2538191995	MaJas_ServeR	rage01
[2026-06-12 02:22:40]	Thiªn Chi Tµng KiÕm ¤ Kim Trang - Nam Tiªu ChuÈn	0,101,30001	200	3261704792	MaJas_ServeR	rage01
[2026-06-12 02:22:40]	Thiªn Chi Tµng KiÕm B¶o Ch©u - Nam Tiªu ChuÈn	0,102,30001	100	2398213177	MaJas_ServeR	rage01
[2026-06-12 02:22:40]	Thiªn Chi Tµng KiÕm Kú Th¹ch - Nam Tiªu ChuÈn	0,102,30002	100	3739926894	MaJas_ServeR	rage01
[2026-06-12 02:22:40]	Thiªn Chi Tµng KiÕm Kim Ên - Nam Tiªu ChuÈn	0,102,30003	100	2659925338	MaJas_ServeR	rage01
